Archive member included to satisfy reference by file (symbol)

lib/libdaisy/build/libdaisy.a(daisy_field.o)
                              build/main.o (daisy::DaisyField::Init())
lib/libdaisy/build/libdaisy.a(daisy_seed.o)
                              lib/libdaisy/build/libdaisy.a(daisy_field.o) (daisy::DaisySeed::Configure())
lib/libdaisy/build/libdaisy.a(sdram.o)
                              lib/libdaisy/build/libdaisy.a(daisy_seed.o) (dsy_sdram_init)
lib/libdaisy/build/libdaisy.a(sr_4021.o)
                              lib/libdaisy/build/libdaisy.a(daisy_field.o) (dsy_sr_4021_init)
lib/libdaisy/build/libdaisy.a(audio.o)
                              lib/libdaisy/build/libdaisy.a(daisy_seed.o) (dsy_audio_init)
lib/libdaisy/build/libdaisy.a(ctrl.o)
                              lib/libdaisy/build/libdaisy.a(daisy_field.o) (daisy::AnalogControl::Init(unsigned short*, float, bool, bool, float))
lib/libdaisy/build/libdaisy.a(gatein.o)
                              lib/libdaisy/build/libdaisy.a(daisy_field.o) (daisy::GateIn::Init(dsy_gpio_pin*))
lib/libdaisy/build/libdaisy.a(oled_display.o)
                              build/main.o (daisy::OledDisplay::Fill(bool))
lib/libdaisy/build/libdaisy.a(parameter.o)
                              build/main.o (daisy::Parameter::Init(daisy::AnalogControl, float, float, daisy::Parameter::Curve))
lib/libdaisy/build/libdaisy.a(switch.o)
                              lib/libdaisy/build/libdaisy.a(daisy_field.o) (daisy::Switch::Init(dsy_gpio_pin, float))
lib/libdaisy/build/libdaisy.a(usb.o)
                              build/main.o (daisy::UsbHandle::Init(daisy::UsbHandle::UsbPeriph))
lib/libdaisy/build/libdaisy.a(adc.o)
                              lib/libdaisy/build/libdaisy.a(daisy_field.o) (daisy::AdcChannelConfig::InitSingle(dsy_gpio_pin))
lib/libdaisy/build/libdaisy.a(dac.o)
                              lib/libdaisy/build/libdaisy.a(daisy_field.o) (dsy_dac_init)
lib/libdaisy/build/libdaisy.a(gpio.o)
                              lib/libdaisy/build/libdaisy.a(daisy_field.o) (dsy_gpio_init)
lib/libdaisy/build/libdaisy.a(i2c.o)
                              lib/libdaisy/build/libdaisy.a(daisy_field.o) (daisy::I2CHandle::Init(daisy::I2CHandle::Config const&))
lib/libdaisy/build/libdaisy.a(qspi.o)
                              lib/libdaisy/build/libdaisy.a(daisy_seed.o) (dsy_qspi_init)
lib/libdaisy/build/libdaisy.a(sai.o)
                              lib/libdaisy/build/libdaisy.a(audio.o) (hsai_BlockA1)
lib/libdaisy/build/libdaisy.a(spi.o)
                              lib/libdaisy/build/libdaisy.a(oled_display.o) (daisy::SpiHandle::Init())
lib/libdaisy/build/libdaisy.a(tim.o)
                              lib/libdaisy/build/libdaisy.a(daisy_seed.o) (dsy_tim_init)
lib/libdaisy/build/libdaisy.a(system.o)
                              lib/libdaisy/build/libdaisy.a(daisy_seed.o) (dsy_system_init)
lib/libdaisy/build/libdaisy.a(usbd_cdc_if.o)
                              lib/libdaisy/build/libdaisy.a(usb.o) (CDC_Transmit_FS)
lib/libdaisy/build/libdaisy.a(usbd_conf.o)
                              lib/libdaisy/build/libdaisy.a(usb.o) (hpcd_USB_OTG_FS)
lib/libdaisy/build/libdaisy.a(usbd_desc.o)
                              lib/libdaisy/build/libdaisy.a(usb.o) (HS_Desc)
lib/libdaisy/build/libdaisy.a(hal_map.o)
                              lib/libdaisy/build/libdaisy.a(sdram.o) (dsy_hal_map_get_port)
lib/libdaisy/build/libdaisy.a(oled_fonts.o)
                              build/main.o (Font_7x10)
lib/libdaisy/build/libdaisy.a(stm32h7xx_hal.o)
                              lib/libdaisy/build/libdaisy.a(system.o) (HAL_Init)
lib/libdaisy/build/libdaisy.a(stm32h7xx_hal_adc.o)
                              lib/libdaisy/build/libdaisy.a(adc.o) (HAL_ADC_ConfigChannel)
lib/libdaisy/build/libdaisy.a(stm32h7xx_hal_adc_ex.o)
                              lib/libdaisy/build/libdaisy.a(adc.o) (HAL_ADCEx_Calibration_Start)
lib/libdaisy/build/libdaisy.a(stm32h7xx_hal_cortex.o)
                              lib/libdaisy/build/libdaisy.a(stm32h7xx_hal.o) (HAL_NVIC_SetPriorityGrouping)
lib/libdaisy/build/libdaisy.a(stm32h7xx_hal_dac.o)
                              lib/libdaisy/build/libdaisy.a(dac.o) (HAL_DAC_Init)
lib/libdaisy/build/libdaisy.a(stm32h7xx_hal_dac_ex.o)
                              lib/libdaisy/build/libdaisy.a(stm32h7xx_hal_dac.o) (HAL_DACEx_DMAUnderrunCallbackCh2)
lib/libdaisy/build/libdaisy.a(stm32h7xx_hal_dma.o)
                              lib/libdaisy/build/libdaisy.a(adc.o) (HAL_DMA_Init)
lib/libdaisy/build/libdaisy.a(stm32h7xx_hal_gpio.o)
                              lib/libdaisy/build/libdaisy.a(sdram.o) (HAL_GPIO_Init)
lib/libdaisy/build/libdaisy.a(stm32h7xx_hal_i2c.o)
                              lib/libdaisy/build/libdaisy.a(i2c.o) (HAL_I2C_Init)
lib/libdaisy/build/libdaisy.a(stm32h7xx_hal_i2c_ex.o)
                              lib/libdaisy/build/libdaisy.a(i2c.o) (HAL_I2CEx_ConfigAnalogFilter)
lib/libdaisy/build/libdaisy.a(stm32h7xx_hal_pcd.o)
[...]
Memory Configuration

Name             Origin             Length             Attributes
FLASH            0x0000000008000000 0x0000000000020000 xr
DTCMRAM          0x0000000020000000 0x0000000000020000 xrw
SRAM             0x0000000024000000 0x0000000000080000 xrw
RAM_D2           0x0000000030000000 0x0000000000048000 xrw
RAM_D3           0x0000000038000000 0x0000000000010000 xrw
ITCMRAM          0x0000000000000000 0x0000000000010000 xrw
SDRAM            0x00000000c0000000 0x0000000004000000 xrw
QSPIFLASH        0x0000000090000000 0x0000000000800000 xr
*default*        0x0000000000000000 0xffffffffffffffff

Linker script and memory map

LOAD /usr/local/Cellar/arm-none-eabi-gcc/9-2019-q4-major/gcc/bin/../lib/gcc/arm-none-eabi/9.2.1/thumb/v7e-m+dp/hard/crti.o
LOAD /usr/local/Cellar/arm-none-eabi-gcc/9-2019-q4-major/gcc/bin/../lib/gcc/arm-none-eabi/9.2.1/thumb/v7e-m+dp/hard/crtbegin.o
LOAD /usr/local/Cellar/arm-none-eabi-gcc/9-2019-q4-major/gcc/bin/../lib/gcc/arm-none-eabi/9.2.1/../../../../arm-none-eabi/lib/thumb/v7e-m+dp/hard/crt0.o
LOAD build/system_stm32h7xx.o
LOAD build/startup_stm32h750xx.o
LOAD build/main.o
LOAD lib/libdaisy/build/libdaisy.a
LOAD /usr/local/Cellar/arm-none-eabi-gcc/9-2019-q4-major/gcc/bin/../lib/gcc/arm-none-eabi/9.2.1/../../../../arm-none-eabi/lib/thumb/v7e-m+dp/hard/libnosys.a
LOAD lib/DaisySP/build/libdaisysp.a
LOAD /usr/local/Cellar/arm-none-eabi-gcc/9-2019-q4-major/gcc/bin/../lib/gcc/arm-none-eabi/9.2.1/../../../../arm-none-eabi/lib/thumb/v7e-m+dp/hard/libstdc++_nano.a
LOAD /usr/local/Cellar/arm-none-eabi-gcc/9-2019-q4-major/gcc/bin/../lib/gcc/arm-none-eabi/9.2.1/../../../../arm-none-eabi/lib/thumb/v7e-m+dp/hard/libm.a
LOAD /usr/local/Cellar/arm-none-eabi-gcc/9-2019-q4-major/gcc/bin/../lib/gcc/arm-none-eabi/9.2.1/../../../../arm-none-eabi/lib/thumb/v7e-m+dp/hard/libc_nano.a
START GROUP
LOAD /usr/local/Cellar/arm-none-eabi-gcc/9-2019-q4-major/gcc/bin/../lib/gcc/arm-none-eabi/9.2.1/thumb/v7e-m+dp/hard/libgcc.a
LOAD /usr/local/Cellar/arm-none-eabi-gcc/9-2019-q4-major/gcc/bin/../lib/gcc/arm-none-eabi/9.2.1/../../../../arm-none-eabi/lib/thumb/v7e-m+dp/hard/libc_nano.a
END GROUP
START GROUP
LOAD /usr/local/Cellar/arm-none-eabi-gcc/9-2019-q4-major/gcc/bin/../lib/gcc/arm-none-eabi/9.2.1/thumb/v7e-m+dp/hard/libgcc.a
LOAD /usr/local/Cellar/arm-none-eabi-gcc/9-2019-q4-major/gcc/bin/../lib/gcc/arm-none-eabi/9.2.1/../../../../arm-none-eabi/lib/thumb/v7e-m+dp/hard/libc_nano.a
LOAD /usr/local/Cellar/arm-none-eabi-gcc/9-2019-q4-major/gcc/bin/../lib/gcc/arm-none-eabi/9.2.1/../../../../arm-none-eabi/lib/thumb/v7e-m+dp/hard/libnosys.a
END GROUP
START GROUP
LOAD /usr/local/Cellar/arm-none-eabi-gcc/9-2019-q4-major/gcc/bin/../lib/gcc/arm-none-eabi/9.2.1/thumb/v7e-m+dp/hard/libgcc.a
LOAD /usr/local/Cellar/arm-none-eabi-gcc/9-2019-q4-major/gcc/bin/../lib/gcc/arm-none-eabi/9.2.1/../../../../arm-none-eabi/lib/thumb/v7e-m+dp/hard/libc_nano.a
LOAD /usr/local/Cellar/arm-none-eabi-gcc/9-2019-q4-major/gcc/bin/../lib/gcc/arm-none-eabi/9.2.1/../../../../arm-none-eabi/lib/thumb/v7e-m+dp/hard/libnosys.a
END GROUP
LOAD /usr/local/Cellar/arm-none-eabi-gcc/9-2019-q4-major/gcc/bin/../lib/gcc/arm-none-eabi/9.2.1/thumb/v7e-m+dp/hard/crtend.o
LOAD /usr/local/Cellar/arm-none-eabi-gcc/9-2019-q4-major/gcc/bin/../lib/gcc/arm-none-eabi/9.2.1/thumb/v7e-m+dp/hard/crtn.o
                0x0000000020020000                _estack = 0x20020000

.isr_vector     0x0000000008000000      0x298
                0x0000000008000000                . = ALIGN (0x4)
 *(.isr_vector)
 .isr_vector    0x0000000008000000      0x298 build/startup_stm32h750xx.o
                0x0000000008000000                g_pfnVectors
                0x0000000008000298                . = ALIGN (0x4)

.text           0x00000000080002a0    0x125d8
                0x00000000080002a0                . = ALIGN (0x4)
                0x00000000080002a0                _stext = .
 *(.text)
 .text          0x00000000080002a0       0x40 /usr/local/Cellar/arm-none-eabi-gcc/9-2019-q4-major/gcc/bin/../lib/gcc/arm-none-eabi/9.2.1/thumb/v7e-m+dp/hard/crtbegin.o
 .text          0x00000000080002e0       0xa0 /usr/local/Cellar/arm-none-eabi-gcc/9-2019-q4-major/gcc/bin/../lib/gcc/arm-none-eabi/9.2.1/../../../../arm-none-eabi/lib/thumb/v7e-m+dp/hard/libc_nano.a(lib_a-memchr.o)
                0x00000000080002e0                memchr
 .text          0x0000000008000380       0x10 /usr/local/Cellar/arm-none-eabi-gcc/9-2019-q4-major/gcc/bin/../lib/gcc/arm-none-eabi/9.2.1/../../../../arm-none-eabi/lib/thumb/v7e-m+dp/hard/libc_nano.a(lib_a-strlen.o)
                0x0000000008000380                strlen
 .text          0x0000000008000390      0x378 /usr/local/Cellar/arm-none-eabi-gcc/9-2019-q4-major/gcc/bin/../lib/gcc/arm-none-eabi/9.2.1/thumb/v7e-m+dp/hard/libgcc.a(_arm_addsubdf3.o)
                0x0000000008000390                __aeabi_drsub
                0x0000000008000398                __subdf3
                0x0000000008000398                __aeabi_dsub
                0x000000000800039c                __aeabi_dadd
                0x000000000800039c                __adddf3
                0x0000000008000614                __aeabi_ui2d
                0x0000000008000614                __floatunsidf
                0x0000000008000634                __floatsidf
                0x0000000008000634                __aeabi_i2d
                0x0000000008000658                __extendsfdf2
                0x0000000008000658                __aeabi_f2d
                0x000000000800069c                __aeabi_ul2d
                0x000000000800069c                __floatundidf
                0x00000000080006ac                __aeabi_l2d
                0x00000000080006ac                __floatdidf
 *(.text*)
 .text.SystemInit
                0x0000000008000708       0x80 build/system_stm32h7xx.o
                0x0000000008000708                SystemInit
 .text.Default_Handler
                0x0000000008000788        0x4 build/startup_stm32h750xx.o
                0x0000000008000788                SAI1_IRQHandler
                0x0000000008000788                HASH_RNG_IRQHandler
                0x0000000008000788                EXTI2_IRQHandler
                0x0000000008000788                TIM8_CC_IRQHandler
                0x0000000008000788                HRTIM1_Master_IRQHandler
                0x0000000008000788                DebugMon_Handler
                0x0000000008000788                UART8_IRQHandler
                0x0000000008000788                SPI4_IRQHandler
                0x0000000008000788                TIM1_CC_IRQHandler
                0x0000000008000788                BDMA_Channel6_IRQHandler
                0x0000000008000788                DMA2_Stream5_IRQHandler
                0x0000000008000788                HRTIM1_FLT_IRQHandler
                0x0000000008000788                JPEG_IRQHandler
                0x0000000008000788                DMA1_Stream5_IRQHandler
                0x0000000008000788                BDMA_Channel1_IRQHandler
                0x0000000008000788                HRTIM1_TIMD_IRQHandler
                0x0000000008000788                TAMP_STAMP_IRQHandler
                0x0000000008000788                PendSV_Handler
                0x0000000008000788                NMI_Handler
                0x0000000008000788                EXTI3_IRQHandler
                0x0000000008000788                LPTIM4_IRQHandler
                0x0000000008000788                TIM8_TRG_COM_TIM14_IRQHandler
                0x0000000008000788                LPTIM2_IRQHandler
                0x0000000008000788                DFSDM1_FLT1_IRQHandler
                0x0000000008000788                DMAMUX2_OVR_IRQHandler
                0x0000000008000788                TIM8_UP_TIM13_IRQHandler
                0x0000000008000788                I2C3_ER_IRQHandler
                0x0000000008000788                DFSDM1_FLT2_IRQHandler
                0x0000000008000788                MDMA_IRQHandler
                0x0000000008000788                LPTIM3_IRQHandler
                0x0000000008000788                HSEM1_IRQHandler
                0x0000000008000788                EXTI0_IRQHandler
                0x0000000008000788                FPU_IRQHandler
                0x0000000008000788                OTG_HS_WKUP_IRQHandler
                0x0000000008000788                FDCAN1_IT1_IRQHandler
                0x0000000008000788                UsageFault_Handler
                0x0000000008000788                LTDC_ER_IRQHandler
                0x0000000008000788                DMA2_Stream2_IRQHandler
                0x0000000008000788                HRTIM1_TIME_IRQHandler
                0x0000000008000788                SPI1_IRQHandler
                0x0000000008000788                TIM6_DAC_IRQHandler
                0x0000000008000788                DCMI_IRQHandler
                0x0000000008000788                HRTIM1_TIMC_IRQHandler
                0x0000000008000788                DMA2_Stream3_IRQHandler
                0x0000000008000788                SAI2_IRQHandler
                0x0000000008000788                DFSDM1_FLT3_IRQHandler
                0x0000000008000788                USART6_IRQHandler
                0x0000000008000788                TIM17_IRQHandler
                0x0000000008000788                USART3_IRQHandler
                0x0000000008000788                CRYP_IRQHandler
                0x0000000008000788                BDMA_Channel7_IRQHandler
                0x0000000008000788                LPTIM5_IRQHandler
                0x0000000008000788                UART5_IRQHandler
                0x0000000008000788                ADC3_IRQHandler
                0x0000000008000788                DMA2_Stream0_IRQHandler
                0x0000000008000788                TIM4_IRQHandler
                0x0000000008000788                BDMA_Channel2_IRQHandler
                0x0000000008000788                DMAMUX1_OVR_IRQHandler
                0x0000000008000788                TIM16_IRQHandler
                0x0000000008000788                UART4_IRQHandler
                0x0000000008000788                BDMA_Channel5_IRQHandler
                0x0000000008000788                TIM3_IRQHandler
                0x0000000008000788                RCC_IRQHandler
                0x0000000008000788                TIM8_BRK_TIM12_IRQHandler
                0x0000000008000788                TIM1_TRG_COM_IRQHandler
                0x0000000008000788                Default_Handler
                0x0000000008000788                ECC_IRQHandler
                0x0000000008000788                CEC_IRQHandler
                0x0000000008000788                EXTI15_10_IRQHandler
                0x0000000008000788                BDMA_Channel0_IRQHandler
                0x0000000008000788                ADC_IRQHandler
                0x0000000008000788                DMA1_Stream7_IRQHandler
                0x0000000008000788                HRTIM1_TIMA_IRQHandler
                0x0000000008000788                SPI5_IRQHandler
                0x0000000008000788                TIM7_IRQHandler
                0x0000000008000788                SDMMC1_IRQHandler
                0x0000000008000788                TIM5_IRQHandler
                0x0000000008000788                DMA2_Stream7_IRQHandler
                0x0000000008000788                TIM15_IRQHandler
                0x0000000008000788                PVD_AVD_IRQHandler
                0x0000000008000788                EXTI9_5_IRQHandler
                0x0000000008000788                RTC_WKUP_IRQHandler
                0x0000000008000788                LTDC_IRQHandler
                0x0000000008000788                SAI3_IRQHandler
                0x0000000008000788                ETH_WKUP_IRQHandler
                0x0000000008000788                SPDIF_RX_IRQHandler
                0x0000000008000788                SPI2_IRQHandler
                0x0000000008000788                MemManage_Handler
                0x0000000008000788                SVC_Handler
                0x0000000008000788                CRS_IRQHandler
                0x0000000008000788                EXTI4_IRQHandler
                0x0000000008000788                HRTIM1_TIMB_IRQHandler
                0x0000000008000788                FDCAN2_IT1_IRQHandler
                0x0000000008000788                ETH_IRQHandler
                0x0000000008000788                TIM1_UP_IRQHandler
                0x0000000008000788                BDMA_Channel4_IRQHandler
                0x0000000008000788                WWDG_IRQHandler
                0x0000000008000788                SPI6_IRQHandler
                0x0000000008000788                I2C4_EV_IRQHandler
                0x0000000008000788                MDIOS_IRQHandler
                0x0000000008000788                FDCAN2_IT0_IRQHandler
                0x0000000008000788                LPUART1_IRQHandler
                0x0000000008000788                FDCAN1_IT0_IRQHandler
                0x0000000008000788                TIM2_IRQHandler
                0x0000000008000788                OTG_FS_WKUP_IRQHandler
                0x0000000008000788                DMA2D_IRQHandler
                0x0000000008000788                TIM1_BRK_IRQHandler
                0x0000000008000788                EXTI1_IRQHandler
                0x0000000008000788                SDMMC2_IRQHandler
                0x0000000008000788                BDMA_Channel3_IRQHandler
                0x0000000008000788                UART7_IRQHandler
                0x0000000008000788                MDIOS_WKUP_IRQHandler
                0x0000000008000788                USART2_IRQHandler
                0x0000000008000788                DFSDM1_FLT0_IRQHandler
                0x0000000008000788                SAI4_IRQHandler
                0x0000000008000788                I2C2_ER_IRQHandler
                0x0000000008000788                DMA2_Stream1_IRQHandler
                0x0000000008000788                FLASH_IRQHandler
                0x0000000008000788                DMA2_Stream4_IRQHandler
                0x0000000008000788                BusFault_Handler
                0x0000000008000788                USART1_IRQHandler
                0x0000000008000788                SPI3_IRQHandler
                0x0000000008000788                WAKEUP_PIN_IRQHandler
                0x0000000008000788                I2C1_ER_IRQHandler
                0x0000000008000788                FMC_IRQHandler
                0x0000000008000788                FDCAN_CAL_IRQHandler
                0x0000000008000788                SWPMI1_IRQHandler
                0x0000000008000788                COMP1_IRQHandler
                0x0000000008000788                LPTIM1_IRQHandler
                0x0000000008000788                I2C4_ER_IRQHandler
                0x0000000008000788                DMA2_Stream6_IRQHandler
                0x0000000008000788                RTC_Alarm_IRQHandler
 .text.Reset_Handler
                0x000000000800078c       0x4c build/startup_stm32h750xx.o
                0x000000000800078c                Reset_Handler
 .text._ZN7daisysp5BlOscD2Ev
                0x00000000080007d8        0x4 build/main.o
                0x00000000080007d8                daisysp::BlOsc::~BlOsc()
                0x00000000080007d8                daisysp::BlOsc::~BlOsc()
 .text._ZN7daisysp4FoldD2Ev
                0x00000000080007dc        0x4 build/main.o
                0x00000000080007dc                daisysp::Fold::~Fold()
                0x00000000080007dc                daisysp::Fold::~Fold()
 .text._ZN7daisysp7LimiterD2Ev
                0x00000000080007e0        0x4 build/main.o
                0x00000000080007e0                daisysp::Limiter::~Limiter()
                0x00000000080007e0                daisysp::Limiter::~Limiter()
 .text._ZN7daisysp5MetroD2Ev
                0x00000000080007e4        0x4 build/main.o
                0x00000000080007e4                daisysp::Metro::~Metro()
                0x00000000080007e4                daisysp::Metro::~Metro()
 .text._ZN7daisysp10OscillatorD2Ev
                0x00000000080007e8        0x4 build/main.o
                0x00000000080007e8                daisysp::Oscillator::~Oscillator()
                0x00000000080007e8                daisysp::Oscillator::~Oscillator()
 .text._ZN7daisysp8ReverbScD2Ev
                0x00000000080007ec        0x4 build/main.o
                0x00000000080007ec                daisysp::ReverbSc::~ReverbSc()
                0x00000000080007ec                daisysp::ReverbSc::~ReverbSc()
 .text._ZN5daisy9ParameterD2Ev
                0x00000000080007f0        0x4 build/main.o
                0x00000000080007f0                daisy::Parameter::~Parameter()
                0x00000000080007f0                daisy::Parameter::~Parameter()
 .text._ZN5daisy10DaisyFieldD2Ev
                0x00000000080007f4        0x4 build/main.o
                0x00000000080007f4                daisy::DaisyField::~DaisyField()
                0x00000000080007f4                daisy::DaisyField::~DaisyField()
 .text._Z11UsbCallbackPhPm
                0x00000000080007f8       0x28 build/main.o
                0x00000000080007f8                UsbCallback(unsigned char*, unsigned long*)
 .text._ZL13AudioCallbackPfS_j
                0x0000000008000820      0x158 build/main.o
 .text._Z9PrintOledhhNSt7__cxx1112basic_stringIcSt11char_traitsIcESaIcEEE
                0x0000000008000978       0x30 build/main.o
                0x0000000008000978                PrintOled(unsigned char, unsigned char, std::__cxx11::basic_string<char, std::char_traits<char>, std::allocator<char> >)
 .text._ZNSt7__cxx1112basic_stringIcSt11char_traitsIcESaIcEE12_M_constructIPKcEEvT_S8_St20forward_iterator_tag
                0x00000000080009a8       0x68 build/main.o
                0x00000000080009a8                void std::__cxx11::basic_string<char, std::char_traits<char>, std::allocator<char> >::_M_construct<char const*>(char const*, char const*, std::forward_iterator_tag)
 .text.startup.main
                0x0000000008000a10      0x3b4 build/main.o
                0x0000000008000a10                main
 .text.startup._GLOBAL__sub_I_sumbuff
                0x0000000008000dc4      0x138 build/main.o
 .text._ZN5daisy10DaisyField4InitEv
                0x0000000008000efc      0x348 lib/libdaisy/build/libdaisy.a(daisy_field.o)
                0x0000000008000efc                daisy::DaisyField::Init()
 .text._ZN5daisy10DaisyField10StartAudioEPFvPfS1_jE
                0x0000000008001244        0x4 lib/libdaisy/build/libdaisy.a(daisy_field.o)
                0x0000000008001244                daisy::DaisyField::StartAudio(void (*)(float*, float*, unsigned int))
 .text.startup._GLOBAL__sub_I__ZN5daisy10DaisyField4InitEv
                0x0000000008001248       0x18 lib/libdaisy/build/libdaisy.a(daisy_field.o)
 .text._ZN5daisy9DaisySeed9ConfigureEv
                0x0000000008001260       0xbc lib/libdaisy/build/libdaisy.a(daisy_seed.o)
                0x0000000008001260                daisy::DaisySeed::Configure()
 .text._ZN5daisy9DaisySeed4InitEv
                0x000000000800131c       0x38 lib/libdaisy/build/libdaisy.a(daisy_seed.o)
                0x000000000800131c                daisy::DaisySeed::Init()
 .text._ZN5daisy9DaisySeed6GetPinEh
                0x0000000008001354       0x2c lib/libdaisy/build/libdaisy.a(daisy_seed.o)
                0x0000000008001354                daisy::DaisySeed::GetPin(unsigned char)
 .text._ZN5daisy9DaisySeed10StartAudioEPFvPfS1_jE
                0x0000000008001380       0x14 lib/libdaisy/build/libdaisy.a(daisy_seed.o)
                0x0000000008001380                daisy::DaisySeed::StartAudio(void (*)(float*, float*, unsigned int))
 .text._ZN5daisy9DaisySeed15AudioSampleRateEv
                0x0000000008001394        0xc lib/libdaisy/build/libdaisy.a(daisy_seed.o)
                0x0000000008001394                daisy::DaisySeed::AudioSampleRate()
 .text._ZN5daisy9DaisySeed17SetAudioBlockSizeEj
                0x00000000080013a0        0x8 lib/libdaisy/build/libdaisy.a(daisy_seed.o)
                0x00000000080013a0                daisy::DaisySeed::SetAudioBlockSize(unsigned int)
 .text.dsy_sdram_init
                0x00000000080013a8      0x120 lib/libdaisy/build/libdaisy.a(sdram.o)
                0x00000000080013a8                dsy_sdram_init
 .text.HAL_SDRAM_MspInit
                0x00000000080014c8      0x1cc lib/libdaisy/build/libdaisy.a(sdram.o)
                0x00000000080014c8                HAL_SDRAM_MspInit
 .text.dsy_sr_4021_init
                0x0000000008001694       0x64 lib/libdaisy/build/libdaisy.a(sr_4021.o)
                0x0000000008001694                dsy_sr_4021_init
 .text.combined_callback
                0x00000000080016f8      0x3d4 lib/libdaisy/build/libdaisy.a(audio.o)
 .text.dsy_audio_passthru
                0x0000000008001acc        0xc lib/libdaisy/build/libdaisy.a(audio.o)
                0x0000000008001acc                dsy_audio_passthru
 .text.internal_callback
                0x0000000008001ad8      0x19c lib/libdaisy/build/libdaisy.a(audio.o)
 .text.DMA1_Stream0_IRQHandler
                0x0000000008001c74        0xc lib/libdaisy/build/libdaisy.a(audio.o)
                0x0000000008001c74                DMA1_Stream0_IRQHandler
 .text.DMA1_Stream1_IRQHandler
                0x0000000008001c80        0xc lib/libdaisy/build/libdaisy.a(audio.o)
                0x0000000008001c80                DMA1_Stream1_IRQHandler
 .text.DMA1_Stream3_IRQHandler
                0x0000000008001c8c        0xc lib/libdaisy/build/libdaisy.a(audio.o)
                0x0000000008001c8c                DMA1_Stream3_IRQHandler
 .text.DMA1_Stream4_IRQHandler
                0x0000000008001c98        0xc lib/libdaisy/build/libdaisy.a(audio.o)
                0x0000000008001c98                DMA1_Stream4_IRQHandler
 .text.dsy_audio_init
                0x0000000008001ca4      0x1bc lib/libdaisy/build/libdaisy.a(audio.o)
                0x0000000008001ca4                dsy_audio_init
 .text.dsy_audio_set_callback
                0x0000000008001e60       0x20 lib/libdaisy/build/libdaisy.a(audio.o)
                0x0000000008001e60                dsy_audio_set_callback
 .text.dsy_audio_set_blocksize
                0x0000000008001e80       0x2c lib/libdaisy/build/libdaisy.a(audio.o)
                0x0000000008001e80                dsy_audio_set_blocksize
 .text.dsy_audio_start
                0x0000000008001eac       0xac lib/libdaisy/build/libdaisy.a(audio.o)
                0x0000000008001eac                dsy_audio_start
 .text.HAL_SAI_RxHalfCpltCallback
                0x0000000008001f58       0x2c lib/libdaisy/build/libdaisy.a(audio.o)
                0x0000000008001f58                HAL_SAI_RxHalfCpltCallback
 .text.HAL_SAI_RxCpltCallback
                0x0000000008001f84       0x3c lib/libdaisy/build/libdaisy.a(audio.o)
                0x0000000008001f84                HAL_SAI_RxCpltCallback
 .text._ZN5daisy13AnalogControl4InitEPtfbbf
                0x0000000008001fc0       0x34 lib/libdaisy/build/libdaisy.a(ctrl.o)
                0x0000000008001fc0                daisy::AnalogControl::Init(unsigned short*, float, bool, bool, float)
 .text._ZN5daisy13AnalogControl13InitBipolarCvEPtf
                0x0000000008001ff4       0x44 lib/libdaisy/build/libdaisy.a(ctrl.o)
                0x0000000008001ff4                daisy::AnalogControl::InitBipolarCv(unsigned short*, float)
 .text._ZN5daisy13AnalogControl7ProcessEv
                0x0000000008002038       0x48 lib/libdaisy/build/libdaisy.a(ctrl.o)
                0x0000000008002038                daisy::AnalogControl::Process()
 .text._ZN5daisy6GateIn4InitEP12dsy_gpio_pin
                0x0000000008002080       0x10 lib/libdaisy/build/libdaisy.a(gatein.o)
                0x0000000008002080                daisy::GateIn::Init(dsy_gpio_pin*)
 .text._ZN5daisy9SpiHandleD2Ev
                0x0000000008002090        0x4 lib/libdaisy/build/libdaisy.a(oled_display.o)
                0x0000000008002090                daisy::SpiHandle::~SpiHandle()
                0x0000000008002090                daisy::SpiHandle::~SpiHandle()
 .text._ZN5daisy11OledDisplay4FillEb
                0x0000000008002094       0x14 lib/libdaisy/build/libdaisy.a(oled_display.o)
                0x0000000008002094                daisy::OledDisplay::Fill(bool)
 .text._ZN5daisy11OledDisplay6UpdateEv
                0x00000000080020a8       0x8c lib/libdaisy/build/libdaisy.a(oled_display.o)
                0x00000000080020a8                daisy::OledDisplay::Update()
 .text._ZN5daisy11OledDisplay4InitEP12dsy_gpio_pin
                0x0000000008002134      0x328 lib/libdaisy/build/libdaisy.a(oled_display.o)
                0x0000000008002134                daisy::OledDisplay::Init(dsy_gpio_pin*)
 .text._ZN5daisy11OledDisplay9WriteCharEc7FontDefb
                0x000000000800245c      0x1c8 lib/libdaisy/build/libdaisy.a(oled_display.o)
                0x000000000800245c                daisy::OledDisplay::WriteChar(char, FontDef, bool)
 .text._ZN5daisy11OledDisplay11WriteStringEPc7FontDefb
                0x0000000008002624       0x40 lib/libdaisy/build/libdaisy.a(oled_display.o)
                0x0000000008002624                daisy::OledDisplay::WriteString(char*, FontDef, bool)
 .text._ZN5daisy11OledDisplay9SetCursorEhh
                0x0000000008002664        0xc lib/libdaisy/build/libdaisy.a(oled_display.o)
                0x0000000008002664                daisy::OledDisplay::SetCursor(unsigned char, unsigned char)
 .text.startup._GLOBAL__sub_I__ZN5daisy11OledDisplay4InitEP12dsy_gpio_pin
                0x0000000008002670       0x18 lib/libdaisy/build/libdaisy.a(oled_display.o)
 .text._ZN5daisy9Parameter4InitENS_13AnalogControlEffNS0_5CurveE
                0x0000000008002688       0x6c lib/libdaisy/build/libdaisy.a(parameter.o)
                0x0000000008002688                daisy::Parameter::Init(daisy::AnalogControl, float, float, daisy::Parameter::Curve)
 .text._ZN5daisy9Parameter7ProcessEv
                0x00000000080026f4       0xa4 lib/libdaisy/build/libdaisy.a(parameter.o)
                0x00000000080026f4                daisy::Parameter::Process()
 .text._ZN5daisy6Switch4InitE12dsy_gpio_pinf
                0x0000000008002798       0x38 lib/libdaisy/build/libdaisy.a(switch.o)
                0x0000000008002798                daisy::Switch::Init(dsy_gpio_pin, float)
 .text.DummyRxCallback
                0x00000000080027d0        0x4 lib/libdaisy/build/libdaisy.a(usb.o)
                0x00000000080027d0                DummyRxCallback
 .text._ZN5daisy9UsbHandle4InitENS0_9UsbPeriphE
                0x00000000080027d4      0x10c lib/libdaisy/build/libdaisy.a(usb.o)
                0x00000000080027d4                daisy::UsbHandle::Init(daisy::UsbHandle::UsbPeriph)
 .text._ZN5daisy9UsbHandle18SetReceiveCallbackEPFvPhPmENS0_9UsbPeriphE
                0x00000000080028e0       0x38 lib/libdaisy/build/libdaisy.a(usb.o)
                0x00000000080028e0                daisy::UsbHandle::SetReceiveCallback(void (*)(unsigned char*, unsigned long*), daisy::UsbHandle::UsbPeriph)
 .text.OTG_HS_EP1_OUT_IRQHandler
                0x0000000008002918        0xc lib/libdaisy/build/libdaisy.a(usb.o)
                0x0000000008002918                OTG_HS_EP1_OUT_IRQHandler
 .text.OTG_HS_EP1_IN_IRQHandler
                0x0000000008002924        0xc lib/libdaisy/build/libdaisy.a(usb.o)
                0x0000000008002924                OTG_HS_EP1_IN_IRQHandler
 .text.OTG_HS_IRQHandler
                0x0000000008002930        0xc lib/libdaisy/build/libdaisy.a(usb.o)
                0x0000000008002930                OTG_HS_IRQHandler
 .text.OTG_FS_EP1_OUT_IRQHandler
                0x000000000800293c        0xc lib/libdaisy/build/libdaisy.a(usb.o)
                0x000000000800293c                OTG_FS_EP1_OUT_IRQHandler
 .text.OTG_FS_EP1_IN_IRQHandler
                0x0000000008002948        0xc lib/libdaisy/build/libdaisy.a(usb.o)
                0x0000000008002948                OTG_FS_EP1_IN_IRQHandler
 .text.OTG_FS_IRQHandler
                0x0000000008002954        0xc lib/libdaisy/build/libdaisy.a(usb.o)
                0x0000000008002954                OTG_FS_IRQHandler
 .text._ZN5daisy16AdcChannelConfig10InitSingleE12dsy_gpio_pin
                0x0000000008002960       0x1c lib/libdaisy/build/libdaisy.a(adc.o)
                0x0000000008002960                daisy::AdcChannelConfig::InitSingle(dsy_gpio_pin)
 .text._ZN5daisy16AdcChannelConfig7InitMuxE12dsy_gpio_pinjS1_S1_S1_
                0x000000000800297c       0x74 lib/libdaisy/build/libdaisy.a(adc.o)
                0x000000000800297c                daisy::AdcChannelConfig::InitMux(dsy_gpio_pin, unsigned int, dsy_gpio_pin, dsy_gpio_pin, dsy_gpio_pin)
 .text._ZN5daisy9AdcHandle4InitEPNS_16AdcChannelConfigEjNS0_12OverSamplingE
                0x00000000080029f0      0x5e8 lib/libdaisy/build/libdaisy.a(adc.o)
                0x00000000080029f0                daisy::AdcHandle::Init(daisy::AdcChannelConfig*, unsigned int, daisy::AdcHandle::OverSampling)
 .text._ZN5daisy9AdcHandle5StartEv
                0x0000000008002fd8       0x38 lib/libdaisy/build/libdaisy.a(adc.o)
                0x0000000008002fd8                daisy::AdcHandle::Start()
 .text._ZNK5daisy9AdcHandle6GetPtrEh
                0x0000000008003010       0x14 lib/libdaisy/build/libdaisy.a(adc.o)
                0x0000000008003010                daisy::AdcHandle::GetPtr(unsigned char) const
 .text._ZNK5daisy9AdcHandle9GetMuxPtrEhh
                0x0000000008003024       0x1c lib/libdaisy/build/libdaisy.a(adc.o)
                0x0000000008003024                daisy::AdcHandle::GetMuxPtr(unsigned char, unsigned char) const
 .text.HAL_ADC_MspInit
                0x0000000008003040       0x8c lib/libdaisy/build/libdaisy.a(adc.o)
                0x0000000008003040                HAL_ADC_MspInit
 .text.DMA1_Stream2_IRQHandler
                0x00000000080030cc        0xc lib/libdaisy/build/libdaisy.a(adc.o)
                0x00000000080030cc                DMA1_Stream2_IRQHandler
 .text.HAL_ADC_ConvHalfCpltCallback
                0x00000000080030d8       0xb8 lib/libdaisy/build/libdaisy.a(adc.o)
                0x00000000080030d8                HAL_ADC_ConvHalfCpltCallback
 .text.dsy_dac_init
                0x0000000008003190       0x6c lib/libdaisy/build/libdaisy.a(dac.o)
                0x0000000008003190                dsy_dac_init
 .text.HAL_DAC_MspInit
                0x00000000080031fc       0xb0 lib/libdaisy/build/libdaisy.a(dac.o)
                0x00000000080031fc                HAL_DAC_MspInit
 .text.dsy_gpio_init
                0x00000000080032ac       0x58 lib/libdaisy/build/libdaisy.a(gpio.o)
                0x00000000080032ac                dsy_gpio_init
 .text.dsy_gpio_write
                0x0000000008003304       0x24 lib/libdaisy/build/libdaisy.a(gpio.o)
                0x0000000008003304                dsy_gpio_write
 .text._ZN5daisy9I2CHandle4Impl8InitPinsEv
                0x0000000008003328       0x58 lib/libdaisy/build/libdaisy.a(i2c.o)
                0x0000000008003328                daisy::I2CHandle::Impl::InitPins()
 .text.HAL_I2C_MspInit
                0x0000000008003380      0x1b4 lib/libdaisy/build/libdaisy.a(i2c.o)
                0x0000000008003380                HAL_I2C_MspInit
 .text.dsy_i2c_global_init
                0x0000000008003534       0x70 lib/libdaisy/build/libdaisy.a(i2c.o)
                0x0000000008003534                dsy_i2c_global_init
 .text.DMA1_Stream6_IRQHandler
                0x00000000080035a4       0x24 lib/libdaisy/build/libdaisy.a(i2c.o)
                0x00000000080035a4                DMA1_Stream6_IRQHandler
 .text.I2C1_EV_IRQHandler
                0x00000000080035c8        0xc lib/libdaisy/build/libdaisy.a(i2c.o)
                0x00000000080035c8                I2C1_EV_IRQHandler
 .text.I2C2_EV_IRQHandler
                0x00000000080035d4        0xc lib/libdaisy/build/libdaisy.a(i2c.o)
                0x00000000080035d4                I2C2_EV_IRQHandler
 .text.I2C3_EV_IRQHandler
                0x00000000080035e0        0xc lib/libdaisy/build/libdaisy.a(i2c.o)
                0x00000000080035e0                I2C3_EV_IRQHandler
 .text._ZN5daisy9I2CHandle4InitERKNS0_6ConfigE
                0x00000000080035ec       0xbc lib/libdaisy/build/libdaisy.a(i2c.o)
                0x00000000080035ec                daisy::I2CHandle::Init(daisy::I2CHandle::Config const&)
 .text._ZN5daisy9I2CHandle16TransmitBlockingEtPhtm
                0x00000000080036a8       0x34 lib/libdaisy/build/libdaisy.a(i2c.o)
                0x00000000080036a8                daisy::I2CHandle::TransmitBlocking(unsigned short, unsigned char*, unsigned short, unsigned long)
 .text.dsy_qspi_init
                0x00000000080036dc      0x390 lib/libdaisy/build/libdaisy.a(qspi.o)
                0x00000000080036dc                dsy_qspi_init
 .text.HAL_QSPI_MspInit
                0x0000000008003a6c      0x10c lib/libdaisy/build/libdaisy.a(qspi.o)
                0x0000000008003a6c                HAL_QSPI_MspInit
 .text.HAL_QSPI_MspDeInit
                0x0000000008003b78       0x58 lib/libdaisy/build/libdaisy.a(qspi.o)
                0x0000000008003b78                HAL_QSPI_MspDeInit
 .text.QUADSPI_IRQHandler
                0x0000000008003bd0        0xc lib/libdaisy/build/libdaisy.a(qspi.o)
                0x0000000008003bd0                QUADSPI_IRQHandler
 .text.dsy_sai2_init
                0x0000000008003bdc       0x78 lib/libdaisy/build/libdaisy.a(sai.o)
 .text.dsy_sai_blocks_init.constprop.0
                0x0000000008003c54       0xa4 lib/libdaisy/build/libdaisy.a(sai.o)
 .text.dsy_sai_init_from_handle
                0x0000000008003cf8       0x88 lib/libdaisy/build/libdaisy.a(sai.o)
                0x0000000008003cf8                dsy_sai_init_from_handle
 .text.HAL_SAI_MspInit
                0x0000000008003d80      0x41c lib/libdaisy/build/libdaisy.a(sai.o)
                0x0000000008003d80                HAL_SAI_MspInit
 .text._ZN5daisy9SpiHandle4InitEv
                0x000000000800419c       0x58 lib/libdaisy/build/libdaisy.a(spi.o)
                0x000000000800419c                daisy::SpiHandle::Init()
 .text._ZN5daisy9SpiHandle16BlockingTransmitEPhj
                0x00000000080041f4       0x10 lib/libdaisy/build/libdaisy.a(spi.o)
                0x00000000080041f4                daisy::SpiHandle::BlockingTransmit(unsigned char*, unsigned int)
 .text.HAL_SPI_MspInit
                0x0000000008004204       0xdc lib/libdaisy/build/libdaisy.a(spi.o)
                0x0000000008004204                HAL_SPI_MspInit
 .text.dsy_tim_init
                0x00000000080042e0       0x70 lib/libdaisy/build/libdaisy.a(tim.o)
                0x00000000080042e0                dsy_tim_init
 .text.dsy_tim_start
                0x0000000008004350        0xc lib/libdaisy/build/libdaisy.a(tim.o)
                0x0000000008004350                dsy_tim_start
 .text.dsy_tim_delay_ms
                0x000000000800435c       0x1c lib/libdaisy/build/libdaisy.a(tim.o)
                0x000000000800435c                dsy_tim_delay_ms
 .text.HAL_TIM_Base_MspInit
                0x0000000008004378       0x30 lib/libdaisy/build/libdaisy.a(tim.o)
                0x0000000008004378                HAL_TIM_Base_MspInit
 .text.SystemClock_Config
                0x00000000080043a8      0x17c lib/libdaisy/build/libdaisy.a(system.o)
 .text.SysTick_Handler
                0x0000000008004524       0x10 lib/libdaisy/build/libdaisy.a(system.o)
                0x0000000008004524                SysTick_Handler
 .text.HardFault_Handler
                0x0000000008004534        0x4 lib/libdaisy/build/libdaisy.a(system.o)
                0x0000000008004534                HardFault_Handler
 .text.dsy_system_init
                0x0000000008004538       0xe0 lib/libdaisy/build/libdaisy.a(system.o)
                0x0000000008004538                dsy_system_init
 .text.dsy_system_delay
                0x0000000008004618        0x4 lib/libdaisy/build/libdaisy.a(system.o)
                0x0000000008004618                dsy_system_delay
 .text.dummy_rx_callback
                0x000000000800461c        0x4 lib/libdaisy/build/libdaisy.a(usbd_cdc_if.o)
                0x000000000800461c                dummy_rx_callback
 .text.CDC_DeInit_FS
                0x0000000008004620        0x4 lib/libdaisy/build/libdaisy.a(usbd_cdc_if.o)
 .text.CDC_Receive_FS
                0x0000000008004624       0x2c lib/libdaisy/build/libdaisy.a(usbd_cdc_if.o)
 .text.CDC_Receive_HS
                0x0000000008004650       0x2c lib/libdaisy/build/libdaisy.a(usbd_cdc_if.o)
 .text.CDC_Init_FS
                0x000000000800467c       0x34 lib/libdaisy/build/libdaisy.a(usbd_cdc_if.o)
 .text.CDC_Init_HS
                0x00000000080046b0       0x34 lib/libdaisy/build/libdaisy.a(usbd_cdc_if.o)
 .text.CDC_Control_FS
                0x00000000080046e4       0x38 lib/libdaisy/build/libdaisy.a(usbd_cdc_if.o)
 .text.CDC_Control_HS
                0x000000000800471c       0x38 lib/libdaisy/build/libdaisy.a(usbd_cdc_if.o)
 .text.CDC_DeInit_HS
                0x0000000008004754        0x4 lib/libdaisy/build/libdaisy.a(usbd_cdc_if.o)
 .text.CDC_Set_Rx_Callback_FS
                0x0000000008004758        0xc lib/libdaisy/build/libdaisy.a(usbd_cdc_if.o)
                0x0000000008004758                CDC_Set_Rx_Callback_FS
 .text.CDC_Set_Rx_Callback_HS
                0x0000000008004764        0xc lib/libdaisy/build/libdaisy.a(usbd_cdc_if.o)
                0x0000000008004764                CDC_Set_Rx_Callback_HS
 .text.HAL_PCD_MspInit
                0x0000000008004770      0x160 lib/libdaisy/build/libdaisy.a(usbd_conf.o)
                0x0000000008004770                HAL_PCD_MspInit
 .text.HAL_PCD_SetupStageCallback
                0x00000000080048d0        0xc lib/libdaisy/build/libdaisy.a(usbd_conf.o)
                0x00000000080048d0                HAL_PCD_SetupStageCallback
 .text.HAL_PCD_DataOutStageCallback
                0x00000000080048dc       0x14 lib/libdaisy/build/libdaisy.a(usbd_conf.o)
                0x00000000080048dc                HAL_PCD_DataOutStageCallback
 .text.HAL_PCD_DataInStageCallback
                0x00000000080048f0       0x14 lib/libdaisy/build/libdaisy.a(usbd_conf.o)
                0x00000000080048f0                HAL_PCD_DataInStageCallback
 .text.HAL_PCD_SOFCallback
                0x0000000008004904        0x8 lib/libdaisy/build/libdaisy.a(usbd_conf.o)
                0x0000000008004904                HAL_PCD_SOFCallback
 .text.HAL_PCD_ResetCallback
                0x000000000800490c       0x24 lib/libdaisy/build/libdaisy.a(usbd_conf.o)
                0x000000000800490c                HAL_PCD_ResetCallback
 .text.HAL_PCD_SuspendCallback
                0x0000000008004930       0x30 lib/libdaisy/build/libdaisy.a(usbd_conf.o)
                0x0000000008004930                HAL_PCD_SuspendCallback
 .text.HAL_PCD_ResumeCallback
                0x0000000008004960        0x8 lib/libdaisy/build/libdaisy.a(usbd_conf.o)
                0x0000000008004960                HAL_PCD_ResumeCallback
 .text.HAL_PCD_ISOOUTIncompleteCallback
                0x0000000008004968        0x8 lib/libdaisy/build/libdaisy.a(usbd_conf.o)
                0x0000000008004968                HAL_PCD_ISOOUTIncompleteCallback
 .text.HAL_PCD_ISOINIncompleteCallback
                0x0000000008004970        0x8 lib/libdaisy/build/libdaisy.a(usbd_conf.o)
                0x0000000008004970                HAL_PCD_ISOINIncompleteCallback
 .text.HAL_PCD_ConnectCallback
                0x0000000008004978        0x8 lib/libdaisy/build/libdaisy.a(usbd_conf.o)
                0x0000000008004978                HAL_PCD_ConnectCallback
 .text.HAL_PCD_DisconnectCallback
                0x0000000008004980        0x8 lib/libdaisy/build/libdaisy.a(usbd_conf.o)
                0x0000000008004980                HAL_PCD_DisconnectCallback
 .text.USBD_LL_Init
                0x0000000008004988       0xcc lib/libdaisy/build/libdaisy.a(usbd_conf.o)
                0x0000000008004988                USBD_LL_Init
 .text.USBD_LL_Start
                0x0000000008004a54       0x1c lib/libdaisy/build/libdaisy.a(usbd_conf.o)
                0x0000000008004a54                USBD_LL_Start
 .text.USBD_LL_OpenEP
                0x0000000008004a70       0x24 lib/libdaisy/build/libdaisy.a(usbd_conf.o)
                0x0000000008004a70                USBD_LL_OpenEP
 .text.USBD_LL_CloseEP
                0x0000000008004a94       0x1c lib/libdaisy/build/libdaisy.a(usbd_conf.o)
                0x0000000008004a94                USBD_LL_CloseEP
 .text.USBD_LL_StallEP
                0x0000000008004ab0       0x1c lib/libdaisy/build/libdaisy.a(usbd_conf.o)
                0x0000000008004ab0                USBD_LL_StallEP
 .text.USBD_LL_ClearStallEP
                0x0000000008004acc       0x1c lib/libdaisy/build/libdaisy.a(usbd_conf.o)
                0x0000000008004acc                USBD_LL_ClearStallEP
 .text.USBD_LL_IsStallEP
                0x0000000008004ae8       0x28 lib/libdaisy/build/libdaisy.a(usbd_conf.o)
                0x0000000008004ae8                USBD_LL_IsStallEP
 .text.USBD_LL_SetUSBAddress
                0x0000000008004b10       0x1c lib/libdaisy/build/libdaisy.a(usbd_conf.o)
                0x0000000008004b10                USBD_LL_SetUSBAddress
 .text.USBD_LL_Transmit
                0x0000000008004b2c       0x1c lib/libdaisy/build/libdaisy.a(usbd_conf.o)
                0x0000000008004b2c                USBD_LL_Transmit
 .text.USBD_LL_PrepareReceive
                0x0000000008004b48       0x1c lib/libdaisy/build/libdaisy.a(usbd_conf.o)
                0x0000000008004b48                USBD_LL_PrepareReceive
 .text.USBD_LL_GetRxDataSize
                0x0000000008004b64        0x8 lib/libdaisy/build/libdaisy.a(usbd_conf.o)
                0x0000000008004b64                USBD_LL_GetRxDataSize
 .text.USBD_HS_DeviceDescriptor
                0x0000000008004b6c        0xc lib/libdaisy/build/libdaisy.a(usbd_desc.o)
                0x0000000008004b6c                USBD_HS_DeviceDescriptor
 .text.USBD_FS_DeviceDescriptor
                0x0000000008004b78        0xc lib/libdaisy/build/libdaisy.a(usbd_desc.o)
                0x0000000008004b78                USBD_FS_DeviceDescriptor
 .text.USBD_FS_LangIDStrDescriptor
                0x0000000008004b84        0xc lib/libdaisy/build/libdaisy.a(usbd_desc.o)
                0x0000000008004b84                USBD_FS_LangIDStrDescriptor
 .text.USBD_FS_ManufacturerStrDescriptor
                0x0000000008004b90       0x1c lib/libdaisy/build/libdaisy.a(usbd_desc.o)
                0x0000000008004b90                USBD_FS_ManufacturerStrDescriptor
 .text.USBD_HS_ProductStrDescriptor
                0x0000000008004bac       0x1c lib/libdaisy/build/libdaisy.a(usbd_desc.o)
                0x0000000008004bac                USBD_HS_ProductStrDescriptor
 .text.USBD_FS_ConfigStrDescriptor
                0x0000000008004bc8       0x1c lib/libdaisy/build/libdaisy.a(usbd_desc.o)
                0x0000000008004bc8                USBD_FS_ConfigStrDescriptor
 .text.USBD_FS_InterfaceStrDescriptor
                0x0000000008004be4       0x1c lib/libdaisy/build/libdaisy.a(usbd_desc.o)
                0x0000000008004be4                USBD_FS_InterfaceStrDescriptor
 .text.USBD_FS_ProductStrDescriptor
                0x0000000008004c00       0x1c lib/libdaisy/build/libdaisy.a(usbd_desc.o)
                0x0000000008004c00                USBD_FS_ProductStrDescriptor
 .text.USBD_HS_LangIDStrDescriptor
                0x0000000008004c1c        0xc lib/libdaisy/build/libdaisy.a(usbd_desc.o)
                0x0000000008004c1c                USBD_HS_LangIDStrDescriptor
 .text.USBD_HS_SerialStrDescriptor
                0x0000000008004c28      0x11c lib/libdaisy/build/libdaisy.a(usbd_desc.o)
                0x0000000008004c28                USBD_HS_SerialStrDescriptor
 .text.USBD_HS_ManufacturerStrDescriptor
                0x0000000008004d44       0x1c lib/libdaisy/build/libdaisy.a(usbd_desc.o)
                0x0000000008004d44                USBD_HS_ManufacturerStrDescriptor
 .text.USBD_HS_ConfigStrDescriptor
                0x0000000008004d60       0x1c lib/libdaisy/build/libdaisy.a(usbd_desc.o)
                0x0000000008004d60                USBD_HS_ConfigStrDescriptor
 .text.USBD_HS_InterfaceStrDescriptor
                0x0000000008004d7c       0x1c lib/libdaisy/build/libdaisy.a(usbd_desc.o)
                0x0000000008004d7c                USBD_HS_InterfaceStrDescriptor
 .text.USBD_FS_SerialStrDescriptor
                0x0000000008004d98      0x11c lib/libdaisy/build/libdaisy.a(usbd_desc.o)
                0x0000000008004d98                USBD_FS_SerialStrDescriptor
 .text.dsy_hal_map_get_port
                0x0000000008004eb4       0x10 lib/libdaisy/build/libdaisy.a(hal_map.o)
                0x0000000008004eb4                dsy_hal_map_get_port
 .text.dsy_hal_map_get_pin
                0x0000000008004ec4       0x10 lib/libdaisy/build/libdaisy.a(hal_map.o)
                0x0000000008004ec4                dsy_hal_map_get_pin
 .text.HAL_MspInit
                0x0000000008004ed4        0x4 lib/libdaisy/build/libdaisy.a(stm32h7xx_hal.o)
                0x0000000008004ed4                HAL_MspInit
 .text.HAL_InitTick
                0x0000000008004ed8       0x4c lib/libdaisy/build/libdaisy.a(stm32h7xx_hal.o)
                0x0000000008004ed8                HAL_InitTick
 .text.HAL_Init
                0x0000000008004f24       0x5c lib/libdaisy/build/libdaisy.a(stm32h7xx_hal.o)
                0x0000000008004f24                HAL_Init
 .text.HAL_IncTick
                0x0000000008004f80       0x18 lib/libdaisy/build/libdaisy.a(stm32h7xx_hal.o)
                0x0000000008004f80                HAL_IncTick
 .text.HAL_GetTick
                0x0000000008004f98        0xc lib/libdaisy/build/libdaisy.a(stm32h7xx_hal.o)
                0x0000000008004f98                HAL_GetTick
 .text.HAL_Delay
                0x0000000008004fa4       0x24 lib/libdaisy/build/libdaisy.a(stm32h7xx_hal.o)
                0x0000000008004fa4                HAL_Delay
 .text.HAL_GetREVID
                0x0000000008004fc8        0xc lib/libdaisy/build/libdaisy.a(stm32h7xx_hal.o)
                0x0000000008004fc8                HAL_GetREVID
 .text.HAL_ADC_ConvCpltCallback
                0x0000000008004fd4        0x4 lib/libdaisy/build/libdaisy.a(stm32h7xx_hal_adc.o)
                0x0000000008004fd4                HAL_ADC_ConvCpltCallback
 .text.ADC_DMAHalfConvCplt
                0x0000000008004fd8        0xc lib/libdaisy/build/libdaisy.a(stm32h7xx_hal_adc.o)
                0x0000000008004fd8                ADC_DMAHalfConvCplt
 .text.HAL_ADC_ErrorCallback
                0x0000000008004fe4        0x4 lib/libdaisy/build/libdaisy.a(stm32h7xx_hal_adc.o)
                0x0000000008004fe4                HAL_ADC_ErrorCallback
 .text.ADC_DMAConvCplt
                0x0000000008004fe8       0x6c lib/libdaisy/build/libdaisy.a(stm32h7xx_hal_adc.o)
                0x0000000008004fe8                ADC_DMAConvCplt
 .text.ADC_DMAError
                0x0000000008005054       0x1c lib/libdaisy/build/libdaisy.a(stm32h7xx_hal_adc.o)
                0x0000000008005054                ADC_DMAError
 .text.HAL_ADC_ConfigChannel
                0x0000000008005070      0x3fc lib/libdaisy/build/libdaisy.a(stm32h7xx_hal_adc.o)
                0x0000000008005070                HAL_ADC_ConfigChannel
 .text.ADC_Enable
                0x000000000800546c       0xac lib/libdaisy/build/libdaisy.a(stm32h7xx_hal_adc.o)
                0x000000000800546c                ADC_Enable
 .text.HAL_ADC_Start_DMA
                0x0000000008005518      0x118 lib/libdaisy/build/libdaisy.a(stm32h7xx_hal_adc.o)
                0x0000000008005518                HAL_ADC_Start_DMA
 .text.ADC_Disable
                0x0000000008005630       0x68 lib/libdaisy/build/libdaisy.a(stm32h7xx_hal_adc.o)
                0x0000000008005630                ADC_Disable
 .text.ADC_ConfigureBoostMode
                0x0000000008005698      0x190 lib/libdaisy/build/libdaisy.a(stm32h7xx_hal_adc.o)
                0x0000000008005698                ADC_ConfigureBoostMode
 .text.HAL_ADC_Init
                0x0000000008005828      0x214 lib/libdaisy/build/libdaisy.a(stm32h7xx_hal_adc.o)
                0x0000000008005828                HAL_ADC_Init
 .text.HAL_ADCEx_Calibration_Start
                0x0000000008005a3c       0xa4 lib/libdaisy/build/libdaisy.a(stm32h7xx_hal_adc_ex.o)
                0x0000000008005a3c                HAL_ADCEx_Calibration_Start
 .text.HAL_ADCEx_MultiModeConfigChannel
                0x0000000008005ae0       0xc4 lib/libdaisy/build/libdaisy.a(stm32h7xx_hal_adc_ex.o)
                0x0000000008005ae0                HAL_ADCEx_MultiModeConfigChannel
 .text.HAL_NVIC_SetPriorityGrouping
                0x0000000008005ba4       0x28 lib/libdaisy/build/libdaisy.a(stm32h7xx_hal_cortex.o)
                0x0000000008005ba4                HAL_NVIC_SetPriorityGrouping
 .text.HAL_NVIC_SetPriority
                0x0000000008005bcc       0x74 lib/libdaisy/build/libdaisy.a(stm32h7xx_hal_cortex.o)
                0x0000000008005bcc                HAL_NVIC_SetPriority
 .text.HAL_NVIC_EnableIRQ
                0x0000000008005c40       0x1c lib/libdaisy/build/libdaisy.a(stm32h7xx_hal_cortex.o)
                0x0000000008005c40                HAL_NVIC_EnableIRQ
 .text.HAL_NVIC_DisableIRQ
                0x0000000008005c5c       0x28 lib/libdaisy/build/libdaisy.a(stm32h7xx_hal_cortex.o)
                0x0000000008005c5c                HAL_NVIC_DisableIRQ
 .text.HAL_SYSTICK_Config
                0x0000000008005c84       0x30 lib/libdaisy/build/libdaisy.a(stm32h7xx_hal_cortex.o)
                0x0000000008005c84                HAL_SYSTICK_Config
 .text.HAL_MPU_Disable
                0x0000000008005cb4       0x20 lib/libdaisy/build/libdaisy.a(stm32h7xx_hal_cortex.o)
                0x0000000008005cb4                HAL_MPU_Disable
 .text.HAL_MPU_Enable
                0x0000000008005cd4       0x24 lib/libdaisy/build/libdaisy.a(stm32h7xx_hal_cortex.o)
                0x0000000008005cd4                HAL_MPU_Enable
 .text.HAL_MPU_ConfigRegion
                0x0000000008005cf8       0x50 lib/libdaisy/build/libdaisy.a(stm32h7xx_hal_cortex.o)
                0x0000000008005cf8                HAL_MPU_ConfigRegion
 .text.HAL_SYSTICK_Callback
                0x0000000008005d48        0x4 lib/libdaisy/build/libdaisy.a(stm32h7xx_hal_cortex.o)
                0x0000000008005d48                HAL_SYSTICK_Callback
 .text.HAL_SYSTICK_IRQHandler
                0x0000000008005d4c        0x8 lib/libdaisy/build/libdaisy.a(stm32h7xx_hal_cortex.o)
                0x0000000008005d4c                HAL_SYSTICK_IRQHandler
 .text.HAL_DAC_Init
                0x0000000008005d54       0x2c lib/libdaisy/build/libdaisy.a(stm32h7xx_hal_dac.o)
                0x0000000008005d54                HAL_DAC_Init
 .text.HAL_DAC_ConfigChannel
                0x0000000008005d80      0x140 lib/libdaisy/build/libdaisy.a(stm32h7xx_hal_dac.o)
                0x0000000008005d80                HAL_DAC_ConfigChannel
 .text.DMA_CalcBaseAndBitshift
                0x0000000008005ec0       0xf8 lib/libdaisy/build/libdaisy.a(stm32h7xx_hal_dma.o)
 .text.DMA_CalcDMAMUXChannelBaseAndMask
                0x0000000008005fb8       0xd8 lib/libdaisy/build/libdaisy.a(stm32h7xx_hal_dma.o)
 .text.HAL_DMA_Init
                0x0000000008006090      0x394 lib/libdaisy/build/libdaisy.a(stm32h7xx_hal_dma.o)
                0x0000000008006090                HAL_DMA_Init
 .text.HAL_DMA_Start_IT
                0x0000000008006424      0x250 lib/libdaisy/build/libdaisy.a(stm32h7xx_hal_dma.o)
                0x0000000008006424                HAL_DMA_Start_IT
 .text.HAL_DMA_IRQHandler
                0x0000000008006674      0x6bc lib/libdaisy/build/libdaisy.a(stm32h7xx_hal_dma.o)
                0x0000000008006674                HAL_DMA_IRQHandler
 .text.HAL_DMA_GetError
                0x0000000008006d30        0x4 lib/libdaisy/build/libdaisy.a(stm32h7xx_hal_dma.o)
                0x0000000008006d30                HAL_DMA_GetError
 .text.HAL_GPIO_Init
                0x0000000008006d34      0x248 lib/libdaisy/build/libdaisy.a(stm32h7xx_hal_gpio.o)
                0x0000000008006d34                HAL_GPIO_Init
 .text.HAL_GPIO_DeInit
                0x0000000008006f7c      0x19c lib/libdaisy/build/libdaisy.a(stm32h7xx_hal_gpio.o)
                0x0000000008006f7c                HAL_GPIO_DeInit
 .text.HAL_GPIO_WritePin
                0x0000000008007118        0x8 lib/libdaisy/build/libdaisy.a(stm32h7xx_hal_gpio.o)
                0x0000000008007118                HAL_GPIO_WritePin
 .text.I2C_WaitOnTXISFlagUntilTimeout
                0x0000000008007120       0xb8 lib/libdaisy/build/libdaisy.a(stm32h7xx_hal_i2c.o)
 .text.I2C_WaitOnSTOPFlagUntilTimeout
                0x00000000080071d8       0xac lib/libdaisy/build/libdaisy.a(stm32h7xx_hal_i2c.o)
 .text.HAL_I2C_Init
                0x0000000008007284       0xa8 lib/libdaisy/build/libdaisy.a(stm32h7xx_hal_i2c.o)
                0x0000000008007284                HAL_I2C_Init
 .text.HAL_I2C_Master_Transmit
                0x000000000800732c      0x1b4 lib/libdaisy/build/libdaisy.a(stm32h7xx_hal_i2c.o)
                0x000000000800732c                HAL_I2C_Master_Transmit
 .text.HAL_I2C_EV_IRQHandler
                0x00000000080074e0       0x10 lib/libdaisy/build/libdaisy.a(stm32h7xx_hal_i2c.o)
                0x00000000080074e0                HAL_I2C_EV_IRQHandler
 .text.HAL_I2C_GetState
                0x00000000080074f0        0x8 lib/libdaisy/build/libdaisy.a(stm32h7xx_hal_i2c.o)
                0x00000000080074f0                HAL_I2C_GetState
 .text.HAL_I2CEx_ConfigAnalogFilter
                0x00000000080074f8       0x58 lib/libdaisy/build/libdaisy.a(stm32h7xx_hal_i2c_ex.o)
                0x00000000080074f8                HAL_I2CEx_ConfigAnalogFilter
 .text.HAL_I2CEx_ConfigDigitalFilter
                0x0000000008007550       0x54 lib/libdaisy/build/libdaisy.a(stm32h7xx_hal_i2c_ex.o)
                0x0000000008007550                HAL_I2CEx_ConfigDigitalFilter
 .text.HAL_PCD_Init
                0x00000000080075a4      0x12c lib/libdaisy/build/libdaisy.a(stm32h7xx_hal_pcd.o)
                0x00000000080075a4                HAL_PCD_Init
 .text.HAL_PCD_Start
                0x00000000080076d0       0x40 lib/libdaisy/build/libdaisy.a(stm32h7xx_hal_pcd.o)
                0x00000000080076d0                HAL_PCD_Start
 .text.HAL_PCD_IRQHandler
                0x0000000008007710      0x6bc lib/libdaisy/build/libdaisy.a(stm32h7xx_hal_pcd.o)
                0x0000000008007710                HAL_PCD_IRQHandler
 .text.HAL_PCD_SetAddress
                0x0000000008007dcc       0x28 lib/libdaisy/build/libdaisy.a(stm32h7xx_hal_pcd.o)
                0x0000000008007dcc                HAL_PCD_SetAddress
 .text.HAL_PCD_EP_Open
                0x0000000008007df4       0x74 lib/libdaisy/build/libdaisy.a(stm32h7xx_hal_pcd.o)
                0x0000000008007df4                HAL_PCD_EP_Open
 .text.HAL_PCD_EP_Close
                0x0000000008007e68       0x68 lib/libdaisy/build/libdaisy.a(stm32h7xx_hal_pcd.o)
                0x0000000008007e68                HAL_PCD_EP_Close
 .text.HAL_PCD_EP_Receive
                0x0000000008007ed0       0x50 lib/libdaisy/build/libdaisy.a(stm32h7xx_hal_pcd.o)
                0x0000000008007ed0                HAL_PCD_EP_Receive
 .text.HAL_PCD_EP_GetRxCount
                0x0000000008007f20       0x14 lib/libdaisy/build/libdaisy.a(stm32h7xx_hal_pcd.o)
                0x0000000008007f20                HAL_PCD_EP_GetRxCount
 .text.HAL_PCD_EP_Transmit
                0x0000000008007f34       0x48 lib/libdaisy/build/libdaisy.a(stm32h7xx_hal_pcd.o)
                0x0000000008007f34                HAL_PCD_EP_Transmit
 .text.HAL_PCD_EP_SetStall
                0x0000000008007f7c       0x88 lib/libdaisy/build/libdaisy.a(stm32h7xx_hal_pcd.o)
                0x0000000008007f7c                HAL_PCD_EP_SetStall
 .text.HAL_PCD_EP_ClrStall
                0x0000000008008004       0x78 lib/libdaisy/build/libdaisy.a(stm32h7xx_hal_pcd.o)
                0x0000000008008004                HAL_PCD_EP_ClrStall
 .text.HAL_PCDEx_SetTxFiFo
                0x000000000800807c       0x48 lib/libdaisy/build/libdaisy.a(stm32h7xx_hal_pcd_ex.o)
                0x000000000800807c                HAL_PCDEx_SetTxFiFo
 .text.HAL_PCDEx_SetRxFiFo
                0x00000000080080c4        0xc lib/libdaisy/build/libdaisy.a(stm32h7xx_hal_pcd_ex.o)
                0x00000000080080c4                HAL_PCDEx_SetRxFiFo
 .text.HAL_PCDEx_ActivateLPM
                0x00000000080080d0       0x2c lib/libdaisy/build/libdaisy.a(stm32h7xx_hal_pcd_ex.o)
                0x00000000080080d0                HAL_PCDEx_ActivateLPM
 .text.HAL_PCDEx_LPM_Callback
                0x00000000080080fc        0x4 lib/libdaisy/build/libdaisy.a(stm32h7xx_hal_pcd_ex.o)
                0x00000000080080fc                HAL_PCDEx_LPM_Callback
 .text.HAL_PWREx_ConfigSupply
                0x0000000008008100       0x4c lib/libdaisy/build/libdaisy.a(stm32h7xx_hal_pwr_ex.o)
                0x0000000008008100                HAL_PWREx_ConfigSupply
 .text.HAL_PWREx_EnableUSBVoltageDetector
                0x000000000800814c       0x10 lib/libdaisy/build/libdaisy.a(stm32h7xx_hal_pwr_ex.o)
                0x000000000800814c                HAL_PWREx_EnableUSBVoltageDetector
 .text.QSPI_Config
                0x000000000800815c      0x1d4 lib/libdaisy/build/libdaisy.a(stm32h7xx_hal_qspi.o)
 .text.HAL_QSPI_Init
                0x0000000008008330       0xd8 lib/libdaisy/build/libdaisy.a(stm32h7xx_hal_qspi.o)
                0x0000000008008330                HAL_QSPI_Init
 .text.HAL_QSPI_DeInit
                0x0000000008008408       0x3c lib/libdaisy/build/libdaisy.a(stm32h7xx_hal_qspi.o)
                0x0000000008008408                HAL_QSPI_DeInit
 .text.HAL_QSPI_Command
                0x0000000008008444       0xd4 lib/libdaisy/build/libdaisy.a(stm32h7xx_hal_qspi.o)
                0x0000000008008444                HAL_QSPI_Command
 .text.HAL_QSPI_Transmit
                0x0000000008008518       0xfc lib/libdaisy/build/libdaisy.a(stm32h7xx_hal_qspi.o)
                0x0000000008008518                HAL_QSPI_Transmit
 .text.HAL_QSPI_Receive
                0x0000000008008614      0x108 lib/libdaisy/build/libdaisy.a(stm32h7xx_hal_qspi.o)
                0x0000000008008614                HAL_QSPI_Receive
 .text.HAL_QSPI_AutoPolling
                0x000000000800871c       0xe8 lib/libdaisy/build/libdaisy.a(stm32h7xx_hal_qspi.o)
                0x000000000800871c                HAL_QSPI_AutoPolling
 .text.HAL_QSPI_MemoryMapped
                0x0000000008008804       0xb8 lib/libdaisy/build/libdaisy.a(stm32h7xx_hal_qspi.o)
                0x0000000008008804                HAL_QSPI_MemoryMapped
 .text.HAL_QSPI_ErrorCallback
                0x00000000080088bc        0x4 lib/libdaisy/build/libdaisy.a(stm32h7xx_hal_qspi.o)
                0x00000000080088bc                HAL_QSPI_ErrorCallback
 .text.QSPI_DMAAbortCplt
                0x00000000080088c0       0x38 lib/libdaisy/build/libdaisy.a(stm32h7xx_hal_qspi.o)
 .text.HAL_QSPI_AbortCpltCallback
                0x00000000080088f8        0x4 lib/libdaisy/build/libdaisy.a(stm32h7xx_hal_qspi.o)
                0x00000000080088f8                HAL_QSPI_AbortCpltCallback
 .text.HAL_QSPI_CmdCpltCallback
                0x00000000080088fc        0x4 lib/libdaisy/build/libdaisy.a(stm32h7xx_hal_qspi.o)
                0x00000000080088fc                HAL_QSPI_CmdCpltCallback
 .text.HAL_QSPI_RxCpltCallback
                0x0000000008008900        0x4 lib/libdaisy/build/libdaisy.a(stm32h7xx_hal_qspi.o)
                0x0000000008008900                HAL_QSPI_RxCpltCallback
 .text.HAL_QSPI_TxCpltCallback
                0x0000000008008904        0x4 lib/libdaisy/build/libdaisy.a(stm32h7xx_hal_qspi.o)
                0x0000000008008904                HAL_QSPI_TxCpltCallback
 .text.HAL_QSPI_FifoThresholdCallback
                0x0000000008008908        0x4 lib/libdaisy/build/libdaisy.a(stm32h7xx_hal_qspi.o)
                0x0000000008008908                HAL_QSPI_FifoThresholdCallback
 .text.HAL_QSPI_StatusMatchCallback
                0x000000000800890c        0x4 lib/libdaisy/build/libdaisy.a(stm32h7xx_hal_qspi.o)
                0x000000000800890c                HAL_QSPI_StatusMatchCallback
 .text.HAL_QSPI_TimeOutCallback
                0x0000000008008910        0x4 lib/libdaisy/build/libdaisy.a(stm32h7xx_hal_qspi.o)
                0x0000000008008910                HAL_QSPI_TimeOutCallback
 .text.HAL_QSPI_IRQHandler
                0x0000000008008914      0x210 lib/libdaisy/build/libdaisy.a(stm32h7xx_hal_qspi.o)
                0x0000000008008914                HAL_QSPI_IRQHandler
 .text.HAL_RCC_OscConfig
                0x0000000008008b24      0x538 lib/libdaisy/build/libdaisy.a(stm32h7xx_hal_rcc.o)
                0x0000000008008b24                HAL_RCC_OscConfig
 .text.HAL_RCC_GetSysClockFreq
                0x000000000800905c      0x140 lib/libdaisy/build/libdaisy.a(stm32h7xx_hal_rcc.o)
                0x000000000800905c                HAL_RCC_GetSysClockFreq
 .text.HAL_RCC_ClockConfig
                0x000000000800919c      0x234 lib/libdaisy/build/libdaisy.a(stm32h7xx_hal_rcc.o)
                0x000000000800919c                HAL_RCC_ClockConfig
 .text.HAL_RCC_GetHCLKFreq
                0x00000000080093d0       0x2c lib/libdaisy/build/libdaisy.a(stm32h7xx_hal_rcc.o)
                0x00000000080093d0                HAL_RCC_GetHCLKFreq
 .text.RCCEx_PLL2_Config
                0x00000000080093fc       0xf8 lib/libdaisy/build/libdaisy.a(stm32h7xx_hal_rcc_ex.o)
 .text.RCCEx_PLL3_Config
                0x00000000080094f4       0xf8 lib/libdaisy/build/libdaisy.a(stm32h7xx_hal_rcc_ex.o)
 .text.HAL_RCCEx_PeriphCLKConfig
                0x00000000080095ec      0xa7c lib/libdaisy/build/libdaisy.a(stm32h7xx_hal_rcc_ex.o)
                0x00000000080095ec                HAL_RCCEx_PeriphCLKConfig
 .text.HAL_RCCEx_GetPLL2ClockFreq
                0x000000000800a068      0x17c lib/libdaisy/build/libdaisy.a(stm32h7xx_hal_rcc_ex.o)
                0x000000000800a068                HAL_RCCEx_GetPLL2ClockFreq
 .text.HAL_RCCEx_GetPLL3ClockFreq
                0x000000000800a1e4      0x17c lib/libdaisy/build/libdaisy.a(stm32h7xx_hal_rcc_ex.o)
                0x000000000800a1e4                HAL_RCCEx_GetPLL3ClockFreq
 .text.HAL_RCCEx_GetPLL1ClockFreq
                0x000000000800a360      0x17c lib/libdaisy/build/libdaisy.a(stm32h7xx_hal_rcc_ex.o)
                0x000000000800a360                HAL_RCCEx_GetPLL1ClockFreq
 .text.HAL_RCCEx_GetPeriphCLKFreq
                0x000000000800a4dc      0x198 lib/libdaisy/build/libdaisy.a(stm32h7xx_hal_rcc_ex.o)
                0x000000000800a4dc                HAL_RCCEx_GetPeriphCLKFreq
 .text.HAL_RCCEx_GetD1SysClockFreq
                0x000000000800a674       0x2c lib/libdaisy/build/libdaisy.a(stm32h7xx_hal_rcc_ex.o)
                0x000000000800a674                HAL_RCCEx_GetD1SysClockFreq
 .text.HAL_SAI_Init.part.0
                0x000000000800a6a0      0x364 lib/libdaisy/build/libdaisy.a(stm32h7xx_hal_sai.o)
 .text.HAL_SAI_InitProtocol
                0x000000000800aa04      0x184 lib/libdaisy/build/libdaisy.a(stm32h7xx_hal_sai.o)
                0x000000000800aa04                HAL_SAI_InitProtocol
 .text.HAL_SAI_Transmit_DMA
                0x000000000800ab88      0x124 lib/libdaisy/build/libdaisy.a(stm32h7xx_hal_sai.o)
                0x000000000800ab88                HAL_SAI_Transmit_DMA
 .text.HAL_SAI_Receive_DMA
                0x000000000800acac       0xcc lib/libdaisy/build/libdaisy.a(stm32h7xx_hal_sai.o)
                0x000000000800acac                HAL_SAI_Receive_DMA
 .text.HAL_SAI_TxCpltCallback
                0x000000000800ad78        0x4 lib/libdaisy/build/libdaisy.a(stm32h7xx_hal_sai.o)
                0x000000000800ad78                HAL_SAI_TxCpltCallback
 .text.SAI_DMATxCplt
                0x000000000800ad7c       0x60 lib/libdaisy/build/libdaisy.a(stm32h7xx_hal_sai.o)
 .text.HAL_SAI_TxHalfCpltCallback
                0x000000000800addc        0x4 lib/libdaisy/build/libdaisy.a(stm32h7xx_hal_sai.o)
                0x000000000800addc                HAL_SAI_TxHalfCpltCallback
 .text.SAI_DMATxHalfCplt
                0x000000000800ade0        0xc lib/libdaisy/build/libdaisy.a(stm32h7xx_hal_sai.o)
 .text.SAI_DMARxCplt
                0x000000000800adec       0x60 lib/libdaisy/build/libdaisy.a(stm32h7xx_hal_sai.o)
 .text.SAI_DMARxHalfCplt
                0x000000000800ae4c        0xc lib/libdaisy/build/libdaisy.a(stm32h7xx_hal_sai.o)
 .text.HAL_SAI_ErrorCallback
                0x000000000800ae58        0x4 lib/libdaisy/build/libdaisy.a(stm32h7xx_hal_sai.o)
                0x000000000800ae58                HAL_SAI_ErrorCallback
 .text.SAI_DMAError
                0x000000000800ae5c       0x6c lib/libdaisy/build/libdaisy.a(stm32h7xx_hal_sai.o)
 .text.HAL_SDRAM_Init
                0x000000000800aec8       0x54 lib/libdaisy/build/libdaisy.a(stm32h7xx_hal_sdram.o)
                0x000000000800aec8                HAL_SDRAM_Init
 .text.HAL_SDRAM_SendCommand
                0x000000000800af1c       0x40 lib/libdaisy/build/libdaisy.a(stm32h7xx_hal_sdram.o)
                0x000000000800af1c                HAL_SDRAM_SendCommand
 .text.HAL_SDRAM_ProgramRefreshRate
                0x000000000800af5c       0x30 lib/libdaisy/build/libdaisy.a(stm32h7xx_hal_sdram.o)
                0x000000000800af5c                HAL_SDRAM_ProgramRefreshRate
 .text.SPI_CloseTransfer
                0x000000000800af8c       0xb8 lib/libdaisy/build/libdaisy.a(stm32h7xx_hal_spi.o)
 .text.HAL_SPI_Init
                0x000000000800b044      0x168 lib/libdaisy/build/libdaisy.a(stm32h7xx_hal_spi.o)
                0x000000000800b044                HAL_SPI_Init
 .text.HAL_SPI_Transmit
                0x000000000800b1ac      0x32c lib/libdaisy/build/libdaisy.a(stm32h7xx_hal_spi.o)
                0x000000000800b1ac                HAL_SPI_Transmit
 .text.HAL_TIM_Base_Init
                0x000000000800b4d8      0x130 lib/libdaisy/build/libdaisy.a(stm32h7xx_hal_tim.o)
                0x000000000800b4d8                HAL_TIM_Base_Init
 .text.HAL_TIM_Base_Start
                0x000000000800b608       0x38 lib/libdaisy/build/libdaisy.a(stm32h7xx_hal_tim.o)
                0x000000000800b608                HAL_TIM_Base_Start
 .text.HAL_TIM_ConfigClockSource
                0x000000000800b640      0x17c lib/libdaisy/build/libdaisy.a(stm32h7xx_hal_tim.o)
                0x000000000800b640                HAL_TIM_ConfigClockSource
 .text.HAL_TIMEx_MasterConfigSynchronization
                0x000000000800b7bc       0x60 lib/libdaisy/build/libdaisy.a(stm32h7xx_hal_tim_ex.o)
                0x000000000800b7bc                HAL_TIMEx_MasterConfigSynchronization
 .text.FMC_SDRAM_Init
                0x000000000800b81c       0x78 lib/libdaisy/build/libdaisy.a(stm32h7xx_ll_fmc.o)
                0x000000000800b81c                FMC_SDRAM_Init
 .text.FMC_SDRAM_Timing_Init
                0x000000000800b894       0x98 lib/libdaisy/build/libdaisy.a(stm32h7xx_ll_fmc.o)
                0x000000000800b894                FMC_SDRAM_Timing_Init
 .text.FMC_SDRAM_SendCommand
                0x000000000800b92c       0x24 lib/libdaisy/build/libdaisy.a(stm32h7xx_ll_fmc.o)
                0x000000000800b92c                FMC_SDRAM_SendCommand
 .text.FMC_SDRAM_ProgramRefreshRate
                0x000000000800b950       0x1c lib/libdaisy/build/libdaisy.a(stm32h7xx_ll_fmc.o)
                0x000000000800b950                FMC_SDRAM_ProgramRefreshRate
 .text.USB_CoreInit
                0x000000000800b96c       0xd4 lib/libdaisy/build/libdaisy.a(stm32h7xx_ll_usb.o)
                0x000000000800b96c                USB_CoreInit
 .text.USB_SetTurnaroundTime
                0x000000000800ba40       0xf8 lib/libdaisy/build/libdaisy.a(stm32h7xx_ll_usb.o)
                0x000000000800ba40                USB_SetTurnaroundTime
 .text.USB_EnableGlobalInt
                0x000000000800bb38       0x10 lib/libdaisy/build/libdaisy.a(stm32h7xx_ll_usb.o)
                0x000000000800bb38                USB_EnableGlobalInt
 .text.USB_DisableGlobalInt
                0x000000000800bb48       0x10 lib/libdaisy/build/libdaisy.a(stm32h7xx_ll_usb.o)
                0x000000000800bb48                USB_DisableGlobalInt
 .text.USB_SetCurrentMode
                0x000000000800bb58       0x30 lib/libdaisy/build/libdaisy.a(stm32h7xx_ll_usb.o)
                0x000000000800bb58                USB_SetCurrentMode
 .text.USB_DevInit
                0x000000000800bb88      0x1ec lib/libdaisy/build/libdaisy.a(stm32h7xx_ll_usb.o)
                0x000000000800bb88                USB_DevInit
 .text.USB_FlushTxFifo
                0x000000000800bd74       0x24 lib/libdaisy/build/libdaisy.a(stm32h7xx_ll_usb.o)
                0x000000000800bd74                USB_FlushTxFifo
 .text.USB_GetDevSpeed
                0x000000000800bd98       0x18 lib/libdaisy/build/libdaisy.a(stm32h7xx_ll_usb.o)
                0x000000000800bd98                USB_GetDevSpeed
 .text.USB_ActivateEndpoint
                0x000000000800bdb0       0x90 lib/libdaisy/build/libdaisy.a(stm32h7xx_ll_usb.o)
                0x000000000800bdb0                USB_ActivateEndpoint
 .text.USB_DeactivateEndpoint
                0x000000000800be40       0x78 lib/libdaisy/build/libdaisy.a(stm32h7xx_ll_usb.o)
                0x000000000800be40                USB_DeactivateEndpoint
 .text.USB_EPStartXfer
                0x000000000800beb8      0x228 lib/libdaisy/build/libdaisy.a(stm32h7xx_ll_usb.o)
                0x000000000800beb8                USB_EPStartXfer
 .text.USB_EP0StartXfer
                0x000000000800c0e0      0x150 lib/libdaisy/build/libdaisy.a(stm32h7xx_ll_usb.o)
                0x000000000800c0e0                USB_EP0StartXfer
 .text.USB_WritePacket
                0x000000000800c230       0x2c lib/libdaisy/build/libdaisy.a(stm32h7xx_ll_usb.o)
                0x000000000800c230                USB_WritePacket
 .text.USB_ReadPacket
                0x000000000800c25c       0x24 lib/libdaisy/build/libdaisy.a(stm32h7xx_ll_usb.o)
                0x000000000800c25c                USB_ReadPacket
 .text.USB_EPSetStall
                0x000000000800c280       0x68 lib/libdaisy/build/libdaisy.a(stm32h7xx_ll_usb.o)
                0x000000000800c280                USB_EPSetStall
 .text.USB_EPClearStall
                0x000000000800c2e8       0x58 lib/libdaisy/build/libdaisy.a(stm32h7xx_ll_usb.o)
                0x000000000800c2e8                USB_EPClearStall
 .text.USB_SetDevAddress
                0x000000000800c340       0x24 lib/libdaisy/build/libdaisy.a(stm32h7xx_ll_usb.o)
                0x000000000800c340                USB_SetDevAddress
 .text.USB_DevConnect
                0x000000000800c364       0x1c lib/libdaisy/build/libdaisy.a(stm32h7xx_ll_usb.o)
                0x000000000800c364                USB_DevConnect
 .text.USB_DevDisconnect
                0x000000000800c380       0x1c lib/libdaisy/build/libdaisy.a(stm32h7xx_ll_usb.o)
                0x000000000800c380                USB_DevDisconnect
 .text.USB_ReadInterrupts
                0x000000000800c39c        0x8 lib/libdaisy/build/libdaisy.a(stm32h7xx_ll_usb.o)
                0x000000000800c39c                USB_ReadInterrupts
 .text.USB_ReadDevAllOutEpInterrupt
                0x000000000800c3a4       0x10 lib/libdaisy/build/libdaisy.a(stm32h7xx_ll_usb.o)
                0x000000000800c3a4                USB_ReadDevAllOutEpInterrupt
 .text.USB_ReadDevAllInEpInterrupt
                0x000000000800c3b4       0x10 lib/libdaisy/build/libdaisy.a(stm32h7xx_ll_usb.o)
                0x000000000800c3b4                USB_ReadDevAllInEpInterrupt
 .text.USB_ReadDevOutEPInterrupt
                0x000000000800c3c4       0x14 lib/libdaisy/build/libdaisy.a(stm32h7xx_ll_usb.o)
                0x000000000800c3c4                USB_ReadDevOutEPInterrupt
 .text.USB_ReadDevInEPInterrupt
                0x000000000800c3d8       0x24 lib/libdaisy/build/libdaisy.a(stm32h7xx_ll_usb.o)
                0x000000000800c3d8                USB_ReadDevInEPInterrupt
 .text.USB_GetMode
                0x000000000800c3fc        0x8 lib/libdaisy/build/libdaisy.a(stm32h7xx_ll_usb.o)
                0x000000000800c3fc                USB_GetMode
 .text.USB_ActivateSetup
                0x000000000800c404       0x38 lib/libdaisy/build/libdaisy.a(stm32h7xx_ll_usb.o)
                0x000000000800c404                USB_ActivateSetup
 .text.USB_EP0_OutStart
                0x000000000800c43c       0x58 lib/libdaisy/build/libdaisy.a(stm32h7xx_ll_usb.o)
                0x000000000800c43c                USB_EP0_OutStart
 .text.USBD_CDC_EP0_RxReady
                0x000000000800c494       0x2c lib/libdaisy/build/libdaisy.a(usbd_cdc.o)
 .text.USBD_CDC_GetFSCfgDesc
                0x000000000800c4c0       0x10 lib/libdaisy/build/libdaisy.a(usbd_cdc.o)
 .text.USBD_CDC_GetHSCfgDesc
                0x000000000800c4d0       0x10 lib/libdaisy/build/libdaisy.a(usbd_cdc.o)
 .text.USBD_CDC_GetOtherSpeedCfgDesc
                0x000000000800c4e0       0x10 lib/libdaisy/build/libdaisy.a(usbd_cdc.o)
 .text.USBD_CDC_GetDeviceQualifierDescriptor
                0x000000000800c4f0       0x10 lib/libdaisy/build/libdaisy.a(usbd_cdc.o)
                0x000000000800c4f0                USBD_CDC_GetDeviceQualifierDescriptor
 .text.USBD_CDC_DataOut
                0x000000000800c500       0x30 lib/libdaisy/build/libdaisy.a(usbd_cdc.o)
 .text.USBD_CDC_DataIn
                0x000000000800c530       0x48 lib/libdaisy/build/libdaisy.a(usbd_cdc.o)
 .text.USBD_CDC_Setup
                0x000000000800c578       0xd0 lib/libdaisy/build/libdaisy.a(usbd_cdc.o)
 .text.USBD_CDC_DeInit
                0x000000000800c648       0x44 lib/libdaisy/build/libdaisy.a(usbd_cdc.o)
 .text.USBD_CDC_Init
                0x000000000800c68c       0xa4 lib/libdaisy/build/libdaisy.a(usbd_cdc.o)
 .text.USBD_CDC_RegisterInterface
                0x000000000800c730       0x10 lib/libdaisy/build/libdaisy.a(usbd_cdc.o)
                0x000000000800c730                USBD_CDC_RegisterInterface
 .text.USBD_CDC_SetTxBuffer
                0x000000000800c740       0x14 lib/libdaisy/build/libdaisy.a(usbd_cdc.o)
                0x000000000800c740                USBD_CDC_SetTxBuffer
 .text.USBD_CDC_SetRxBuffer
                0x000000000800c754       0x10 lib/libdaisy/build/libdaisy.a(usbd_cdc.o)
                0x000000000800c754                USBD_CDC_SetRxBuffer
 .text.USBD_CDC_ReceivePacket
                0x000000000800c764       0x34 lib/libdaisy/build/libdaisy.a(usbd_cdc.o)
                0x000000000800c764                USBD_CDC_ReceivePacket
 .text.USBD_Init
                0x000000000800c798       0x44 lib/libdaisy/build/libdaisy.a(usbd_core.o)
                0x000000000800c798                USBD_Init
 .text.USBD_RegisterClass
                0x000000000800c7dc       0x2c lib/libdaisy/build/libdaisy.a(usbd_core.o)
                0x000000000800c7dc                USBD_RegisterClass
 .text.USBD_Start
                0x000000000800c808        0xc lib/libdaisy/build/libdaisy.a(usbd_core.o)
                0x000000000800c808                USBD_Start
 .text.USBD_SetClassConfig
                0x000000000800c814       0x14 lib/libdaisy/build/libdaisy.a(usbd_core.o)
                0x000000000800c814                USBD_SetClassConfig
 .text.USBD_ClrClassConfig
                0x000000000800c828       0x10 lib/libdaisy/build/libdaisy.a(usbd_core.o)
                0x000000000800c828                USBD_ClrClassConfig
 .text.USBD_LL_SetupStage
                0x000000000800c838       0x5c lib/libdaisy/build/libdaisy.a(usbd_core.o)
                0x000000000800c838                USBD_LL_SetupStage
 .text.USBD_LL_DataOutStage
                0x000000000800c894       0x7c lib/libdaisy/build/libdaisy.a(usbd_core.o)
                0x000000000800c894                USBD_LL_DataOutStage
 .text.USBD_LL_DataInStage
                0x000000000800c910       0xb8 lib/libdaisy/build/libdaisy.a(usbd_core.o)
                0x000000000800c910                USBD_LL_DataInStage
 .text.USBD_LL_Reset
                0x000000000800c9c8       0x50 lib/libdaisy/build/libdaisy.a(usbd_core.o)
                0x000000000800c9c8                USBD_LL_Reset
 .text.USBD_LL_SetSpeed
                0x000000000800ca18        0x8 lib/libdaisy/build/libdaisy.a(usbd_core.o)
                0x000000000800ca18                USBD_LL_SetSpeed
 .text.USBD_LL_Suspend
                0x000000000800ca20       0x14 lib/libdaisy/build/libdaisy.a(usbd_core.o)
                0x000000000800ca20                USBD_LL_Suspend
 .text.USBD_LL_Resume
                0x000000000800ca34       0x10 lib/libdaisy/build/libdaisy.a(usbd_core.o)
                0x000000000800ca34                USBD_LL_Resume
 .text.USBD_LL_SOF
                0x000000000800ca44       0x1c lib/libdaisy/build/libdaisy.a(usbd_core.o)
                0x000000000800ca44                USBD_LL_SOF
 .text.USBD_LL_IsoINIncomplete
                0x000000000800ca60        0x4 lib/libdaisy/build/libdaisy.a(usbd_core.o)
                0x000000000800ca60                USBD_LL_IsoINIncomplete
 .text.USBD_LL_IsoOUTIncomplete
                0x000000000800ca64        0x4 lib/libdaisy/build/libdaisy.a(usbd_core.o)
                0x000000000800ca64                USBD_LL_IsoOUTIncomplete
 .text.USBD_LL_DevConnected
                0x000000000800ca68        0x4 lib/libdaisy/build/libdaisy.a(usbd_core.o)
                0x000000000800ca68                USBD_LL_DevConnected
 .text.USBD_LL_DevDisconnected
                0x000000000800ca6c       0x18 lib/libdaisy/build/libdaisy.a(usbd_core.o)
                0x000000000800ca6c                USBD_LL_DevDisconnected
 .text.USBD_StdDevReq
                0x000000000800ca84      0x2fc lib/libdaisy/build/libdaisy.a(usbd_ctlreq.o)
                0x000000000800ca84                USBD_StdDevReq
 .text.USBD_StdItfReq
                0x000000000800cd80       0x68 lib/libdaisy/build/libdaisy.a(usbd_ctlreq.o)
                0x000000000800cd80                USBD_StdItfReq
 .text.USBD_StdEPReq
                0x000000000800cde8      0x134 lib/libdaisy/build/libdaisy.a(usbd_ctlreq.o)
                0x000000000800cde8                USBD_StdEPReq
 .text.USBD_ParseSetupRequest
                0x000000000800cf1c       0x28 lib/libdaisy/build/libdaisy.a(usbd_ctlreq.o)
                0x000000000800cf1c                USBD_ParseSetupRequest
 .text.USBD_CtlError
                0x000000000800cf44       0x18 lib/libdaisy/build/libdaisy.a(usbd_ctlreq.o)
                0x000000000800cf44                USBD_CtlError
 .text.USBD_GetString
                0x000000000800cf5c       0x4c lib/libdaisy/build/libdaisy.a(usbd_ctlreq.o)
                0x000000000800cf5c                USBD_GetString
 .text.USBD_CtlSendData
                0x000000000800cfa8       0x1c lib/libdaisy/build/libdaisy.a(usbd_ioreq.o)
                0x000000000800cfa8                USBD_CtlSendData
 .text.USBD_CtlContinueSendData
                0x000000000800cfc4       0x14 lib/libdaisy/build/libdaisy.a(usbd_ioreq.o)
                0x000000000800cfc4                USBD_CtlContinueSendData
 .text.USBD_CtlPrepareRx
                0x000000000800cfd8       0x1c lib/libdaisy/build/libdaisy.a(usbd_ioreq.o)
                0x000000000800cfd8                USBD_CtlPrepareRx
 .text.USBD_CtlContinueRx
                0x000000000800cff4       0x14 lib/libdaisy/build/libdaisy.a(usbd_ioreq.o)
                0x000000000800cff4                USBD_CtlContinueRx
 .text.USBD_CtlSendStatus
                0x000000000800d008       0x18 lib/libdaisy/build/libdaisy.a(usbd_ioreq.o)
                0x000000000800d008                USBD_CtlSendStatus
 .text.USBD_CtlReceiveStatus
                0x000000000800d020       0x18 lib/libdaisy/build/libdaisy.a(usbd_ioreq.o)
                0x000000000800d020                USBD_CtlReceiveStatus
 .text.codec_ak4556_init
                0x000000000800d038       0x34 lib/libdaisy/build/libdaisy.a(codec_ak4556.o)
                0x000000000800d038                codec_ak4556_init
 .text.dsy_dma_init
                0x000000000800d06c       0x98 lib/libdaisy/build/libdaisy.a(dma.o)
                0x000000000800d06c                dsy_dma_init
 .text.HAL_MDMA_Abort_IT
                0x000000000800d104       0x2c lib/libdaisy/build/libdaisy.a(stm32h7xx_hal_mdma.o)
                0x000000000800d104                HAL_MDMA_Abort_IT
 .text._ZN7daisysp5BlOsc4InitEf
                0x000000000800d130       0xbc lib/DaisySP/build/libdaisysp.a(blosc.o)
                0x000000000800d130                daisysp::BlOsc::Init(float)
 *fill*         0x000000000800d1ec        0x4 
 .text._ZN7daisysp5BlOsc13ProcessSquareEv
                0x000000000800d1f0      0x130 lib/DaisySP/build/libdaisysp.a(blosc.o)
                0x000000000800d1f0                daisysp::BlOsc::ProcessSquare()
 .text._ZN7daisysp5BlOsc15ProcessTriangleEv
                0x000000000800d320      0x140 lib/DaisySP/build/libdaisysp.a(blosc.o)
                0x000000000800d320                daisysp::BlOsc::ProcessTriangle()
 .text._ZN7daisysp5BlOsc7ProcessEv
                0x000000000800d460       0xc0 lib/DaisySP/build/libdaisysp.a(blosc.o)
                0x000000000800d460                daisysp::BlOsc::Process()
 .text._ZN7daisysp4Fold4InitEv
                0x000000000800d520       0x14 lib/DaisySP/build/libdaisysp.a(fold.o)
                0x000000000800d520                daisysp::Fold::Init()
 .text._ZN7daisysp4Fold7ProcessEf
                0x000000000800d534       0x38 lib/DaisySP/build/libdaisysp.a(fold.o)
                0x000000000800d534                daisysp::Fold::Process(float)
 .text._ZN7daisysp7Limiter4InitEv
                0x000000000800d56c        0x8 lib/DaisySP/build/libdaisysp.a(limiter.o)
                0x000000000800d56c                daisysp::Limiter::Init()
 .text._ZN7daisysp7Limiter12ProcessBlockEPfjf
                0x000000000800d574       0xbc lib/DaisySP/build/libdaisysp.a(limiter.o)
                0x000000000800d574                daisysp::Limiter::ProcessBlock(float*, unsigned int, float)
 .text._ZN7daisysp5Metro4InitEff
                0x000000000800d630       0x38 lib/DaisySP/build/libdaisysp.a(metro.o)
                0x000000000800d630                daisysp::Metro::Init(float, float)
 .text._ZN7daisysp10Oscillator7ProcessEv
                0x000000000800d668      0x388 lib/DaisySP/build/libdaisysp.a(oscillator.o)
                0x000000000800d668                daisysp::Oscillator::Process()
 .text._ZN7daisysp10Oscillator12CalcPhaseIncEf
                0x000000000800d9f0       0x18 lib/DaisySP/build/libdaisysp.a(oscillator.o)
                0x000000000800d9f0                daisysp::Oscillator::CalcPhaseInc(float)
 .text._ZN7daisysp8ReverbSc17NextRandomLinesegEPNS_10ReverbScDlEi
                0x000000000800da08       0xfc lib/DaisySP/build/libdaisysp.a(reverbsc.o)
                0x000000000800da08                daisysp::ReverbSc::NextRandomLineseg(daisysp::ReverbScDl*, int)
 *fill*         0x000000000800db04        0x4 
 .text._ZN7daisysp8ReverbSc4InitEf
                0x000000000800db08      0x178 lib/DaisySP/build/libdaisysp.a(reverbsc.o)
                0x000000000800db08                daisysp::ReverbSc::Init(float)
 .text._ZN7daisysp8ReverbSc7ProcessERKfS2_PfS3_
                0x000000000800dc80      0x2ec lib/DaisySP/build/libdaisysp.a(reverbsc.o)
                0x000000000800dc80                daisysp::ReverbSc::Process(float const&, float const&, float*, float*)
 .text.__aeabi_atexit
                0x000000000800df6c        0xa /usr/local/Cellar/arm-none-eabi-gcc/9-2019-q4-major/gcc/bin/../lib/gcc/arm-none-eabi/9.2.1/../../../../arm-none-eabi/lib/thumb/v7e-m+dp/hard/libstdc++_nano.a(atexit_arm.o)
                0x000000000800df6c                __aeabi_atexit
 .text._ZdlPv   0x000000000800df76        0x4 /usr/local/Cellar/arm-none-eabi-gcc/9-2019-q4-major/gcc/bin/../lib/gcc/arm-none-eabi/9.2.1/../../../../arm-none-eabi/lib/thumb/v7e-m+dp/hard/libstdc++_nano.a(del_op.o)
                0x000000000800df76                operator delete(void*)
 .text.unlikely._ZSt17__throw_bad_allocv
                0x000000000800df7a        0x6 /usr/local/Cellar/arm-none-eabi-gcc/9-2019-q4-major/gcc/bin/../lib/gcc/arm-none-eabi/9.2.1/../../../../arm-none-eabi/lib/thumb/v7e-m+dp/hard/libstdc++_nano.a(functexcept.o)
                0x000000000800df7a                std::__throw_bad_alloc()
 .text.unlikely._ZSt19__throw_logic_errorPKc
                0x000000000800df80        0x6 /usr/local/Cellar/arm-none-eabi-gcc/9-2019-q4-major/gcc/bin/../lib/gcc/arm-none-eabi/9.2.1/../../../../arm-none-eabi/lib/thumb/v7e-m+dp/hard/libstdc++_nano.a(functexcept.o)
                0x000000000800df80                std::__throw_logic_error(char const*)
 .text.unlikely._ZSt20__throw_length_errorPKc
                0x000000000800df86        0x6 /usr/local/Cellar/arm-none-eabi-gcc/9-2019-q4-major/gcc/bin/../lib/gcc/arm-none-eabi/9.2.1/../../../../arm-none-eabi/lib/thumb/v7e-m+dp/hard/libstdc++_nano.a(functexcept.o)
                0x000000000800df86                std::__throw_length_error(char const*)
 .text._ZNSt7__cxx1112basic_stringIcSt11char_traitsIcESaIcEE9_M_createERjj
                0x000000000800df8c       0x44 /usr/local/Cellar/arm-none-eabi-gcc/9-2019-q4-major/gcc/bin/../lib/gcc/arm-none-eabi/9.2.1/../../../../arm-none-eabi/lib/thumb/v7e-m+dp/hard/libstdc++_nano.a(string-inst.o)
                0x000000000800df8c                std::__cxx11::basic_string<char, std::char_traits<char>, std::allocator<char> >::_M_create(unsigned int&, unsigned int)
 .text._Znwj    0x000000000800dfd0       0x22 /usr/local/Cellar/arm-none-eabi-gcc/9-2019-q4-major/gcc/bin/../lib/gcc/arm-none-eabi/9.2.1/../../../../arm-none-eabi/lib/thumb/v7e-m+dp/hard/libstdc++_nano.a(new_op.o)
                0x000000000800dfd0                operator new(unsigned int)
 *fill*         0x000000000800dff2        0x2 
 .text._ZSt15get_new_handlerv
                0x000000000800dff4       0x10 /usr/local/Cellar/arm-none-eabi-gcc/9-2019-q4-major/gcc/bin/../lib/gcc/arm-none-eabi/9.2.1/../../../../arm-none-eabi/lib/thumb/v7e-m+dp/hard/libstdc++_nano.a(new_handler.o)
                0x000000000800dff4                std::get_new_handler()
 *fill*         0x000000000800e004        0x4 
 .text.cosf     0x000000000800e008      0x1fc /usr/local/Cellar/arm-none-eabi-gcc/9-2019-q4-major/gcc/bin/../lib/gcc/arm-none-eabi/9.2.1/../../../../arm-none-eabi/lib/thumb/v7e-m+dp/hard/libm.a(lib_a-cosf.o)
                0x000000000800e008                cosf
 .text.with_errnof
                0x000000000800e204       0x18 /usr/local/Cellar/arm-none-eabi-gcc/9-2019-q4-major/gcc/bin/../lib/gcc/arm-none-eabi/9.2.1/../../../../arm-none-eabi/lib/thumb/v7e-m+dp/hard/libm.a(lib_a-math_errf.o)
 .text.xflowf   0x000000000800e21c       0x20 /usr/local/Cellar/arm-none-eabi-gcc/9-2019-q4-major/gcc/bin/../lib/gcc/arm-none-eabi/9.2.1/../../../../arm-none-eabi/lib/thumb/v7e-m+dp/hard/libm.a(lib_a-math_errf.o)
 .text.__math_uflowf
                0x000000000800e23c        0xc /usr/local/Cellar/arm-none-eabi-gcc/9-2019-q4-major/gcc/bin/../lib/gcc/arm-none-eabi/9.2.1/../../../../arm-none-eabi/lib/thumb/v7e-m+dp/hard/libm.a(lib_a-math_errf.o)
                0x000000000800e23c                __math_uflowf
 .text.__math_may_uflowf
                0x000000000800e248        0xc /usr/local/Cellar/arm-none-eabi-gcc/9-2019-q4-major/gcc/bin/../lib/gcc/arm-none-eabi/9.2.1/../../../../arm-none-eabi/lib/thumb/v7e-m+dp/hard/libm.a(lib_a-math_errf.o)
                0x000000000800e248                __math_may_uflowf
 .text.__math_oflowf
                0x000000000800e254        0xc /usr/local/Cellar/arm-none-eabi-gcc/9-2019-q4-major/gcc/bin/../lib/gcc/arm-none-eabi/9.2.1/../../../../arm-none-eabi/lib/thumb/v7e-m+dp/hard/libm.a(lib_a-math_errf.o)
                0x000000000800e254                __math_oflowf
 .text.__math_divzerof
                0x000000000800e260       0x24 /usr/local/Cellar/arm-none-eabi-gcc/9-2019-q4-major/gcc/bin/../lib/gcc/arm-none-eabi/9.2.1/../../../../arm-none-eabi/lib/thumb/v7e-m+dp/hard/libm.a(lib_a-math_errf.o)
                0x000000000800e260                __math_divzerof
 .text.__math_invalidf
                0x000000000800e284       0x20 /usr/local/Cellar/arm-none-eabi-gcc/9-2019-q4-major/gcc/bin/../lib/gcc/arm-none-eabi/9.2.1/../../../../arm-none-eabi/lib/thumb/v7e-m+dp/hard/libm.a(lib_a-math_errf.o)
                0x000000000800e284                __math_invalidf
 .text.expf     0x000000000800e2a4       0xe4 /usr/local/Cellar/arm-none-eabi-gcc/9-2019-q4-major/gcc/bin/../lib/gcc/arm-none-eabi/9.2.1/../../../../arm-none-eabi/lib/thumb/v7e-m+dp/hard/libm.a(lib_a-sf_exp.o)
                0x000000000800e2a4                expf
 .text.logf     0x000000000800e388       0xd0 /usr/local/Cellar/arm-none-eabi-gcc/9-2019-q4-major/gcc/bin/../lib/gcc/arm-none-eabi/9.2.1/../../../../arm-none-eabi/lib/thumb/v7e-m+dp/hard/libm.a(lib_a-sf_log.o)
                0x000000000800e388                logf
 .text.sinf     0x000000000800e458      0x214 /usr/local/Cellar/arm-none-eabi-gcc/9-2019-q4-major/gcc/bin/../lib/gcc/arm-none-eabi/9.2.1/../../../../arm-none-eabi/lib/thumb/v7e-m+dp/hard/libm.a(lib_a-sinf.o)
                0x000000000800e458                sinf
 *fill*         0x000000000800e66c        0x4 
 .text.fmod     0x000000000800e670       0xb0 /usr/local/Cellar/arm-none-eabi-gcc/9-2019-q4-major/gcc/bin/../lib/gcc/arm-none-eabi/9.2.1/../../../../arm-none-eabi/lib/thumb/v7e-m+dp/hard/libm.a(lib_a-w_fmod.o)
                0x000000000800e670                fmod
 .text.fmodf    0x000000000800e720       0xb8 /usr/local/Cellar/arm-none-eabi-gcc/9-2019-q4-major/gcc/bin/../lib/gcc/arm-none-eabi/9.2.1/../../../../arm-none-eabi/lib/thumb/v7e-m+dp/hard/libm.a(lib_a-wf_fmod.o)
                0x000000000800e720                fmodf
 .text.sqrtf    0x000000000800e7d8       0xb8 /usr/local/Cellar/arm-none-eabi-gcc/9-2019-q4-major/gcc/bin/../lib/gcc/arm-none-eabi/9.2.1/../../../../arm-none-eabi/lib/thumb/v7e-m+dp/hard/libm.a(lib_a-wf_sqrt.o)
                0x000000000800e7d8                sqrtf
 .text.__ieee754_fmod
                0x000000000800e890      0x298 /usr/local/Cellar/arm-none-eabi-gcc/9-2019-q4-major/gcc/bin/../lib/gcc/arm-none-eabi/9.2.1/../../../../arm-none-eabi/lib/thumb/v7e-m+dp/hard/libm.a(lib_a-e_fmod.o)
                0x000000000800e890                __ieee754_fmod
 .text.__ieee754_fmodf
                0x000000000800eb28      0x120 /usr/local/Cellar/arm-none-eabi-gcc/9-2019-q4-major/gcc/bin/../lib/gcc/arm-none-eabi/9.2.1/../../../../arm-none-eabi/lib/thumb/v7e-m+dp/hard/libm.a(lib_a-ef_fmod.o)
                0x000000000800eb28                __ieee754_fmodf
 .text.__ieee754_sqrtf
                0x000000000800ec48        0x8 /usr/local/Cellar/arm-none-eabi-gcc/9-2019-q4-major/gcc/bin/../lib/gcc/arm-none-eabi/9.2.1/../../../../arm-none-eabi/lib/thumb/v7e-m+dp/hard/libm.a(lib_a-ef_sqrt.o)
                0x000000000800ec48                __ieee754_sqrtf
 .text.matherr  0x000000000800ec50        0x4 /usr/local/Cellar/arm-none-eabi-gcc/9-2019-q4-major/gcc/bin/../lib/gcc/arm-none-eabi/9.2.1/../../../../arm-none-eabi/lib/thumb/v7e-m+dp/hard/libm.a(lib_a-s_matherr.o)
                0x000000000800ec50                matherr
 .text.abort    0x000000000800ec54        0xe /usr/local/Cellar/arm-none-eabi-gcc/9-2019-q4-major/gcc/bin/../lib/gcc/arm-none-eabi/9.2.1/../../../../arm-none-eabi/lib/thumb/v7e-m+dp/hard/libc_nano.a(lib_a-abort.o)
                0x000000000800ec54                abort
 *fill*         0x000000000800ec62        0x2 
 .text.calloc   0x000000000800ec64       0x10 /usr/local/Cellar/arm-none-eabi-gcc/9-2019-q4-major/gcc/bin/../lib/gcc/arm-none-eabi/9.2.1/../../../../arm-none-eabi/lib/thumb/v7e-m+dp/hard/libc_nano.a(lib_a-calloc.o)
                0x000000000800ec64                calloc
 .text.__cxa_atexit
                0x000000000800ec74       0x1c /usr/local/Cellar/arm-none-eabi-gcc/9-2019-q4-major/gcc/bin/../lib/gcc/arm-none-eabi/9.2.1/../../../../arm-none-eabi/lib/thumb/v7e-m+dp/hard/libc_nano.a(lib_a-cxa_atexit.o)
                0x000000000800ec74                __cxa_atexit
 .text.__errno  0x000000000800ec90        0xc /usr/local/Cellar/arm-none-eabi-gcc/9-2019-q4-major/gcc/bin/../lib/gcc/arm-none-eabi/9.2.1/../../../../arm-none-eabi/lib/thumb/v7e-m+dp/hard/libc_nano.a(lib_a-errno.o)
                0x000000000800ec90                __errno
 .text.__libc_init_array
                0x000000000800ec9c       0x48 /usr/local/Cellar/arm-none-eabi-gcc/9-2019-q4-major/gcc/bin/../lib/gcc/arm-none-eabi/9.2.1/../../../../arm-none-eabi/lib/thumb/v7e-m+dp/hard/libc_nano.a(lib_a-init.o)
                0x000000000800ec9c                __libc_init_array
 .text.malloc   0x000000000800ece4       0x10 /usr/local/Cellar/arm-none-eabi-gcc/9-2019-q4-major/gcc/bin/../lib/gcc/arm-none-eabi/9.2.1/../../../../arm-none-eabi/lib/thumb/v7e-m+dp/hard/libc_nano.a(lib_a-malloc.o)
                0x000000000800ece4                malloc
 .text.free     0x000000000800ecf4       0x10 /usr/local/Cellar/arm-none-eabi-gcc/9-2019-q4-major/gcc/bin/../lib/gcc/arm-none-eabi/9.2.1/../../../../arm-none-eabi/lib/thumb/v7e-m+dp/hard/libc_nano.a(lib_a-malloc.o)
                0x000000000800ecf4                free
 .text.memcpy   0x000000000800ed04       0x1c /usr/local/Cellar/arm-none-eabi-gcc/9-2019-q4-major/gcc/bin/../lib/gcc/arm-none-eabi/9.2.1/../../../../arm-none-eabi/lib/thumb/v7e-m+dp/hard/libc_nano.a(lib_a-memcpy-stub.o)
                0x000000000800ed04                memcpy
 .text.memset   0x000000000800ed20       0x10 /usr/local/Cellar/arm-none-eabi-gcc/9-2019-q4-major/gcc/bin/../lib/gcc/arm-none-eabi/9.2.1/../../../../arm-none-eabi/lib/thumb/v7e-m+dp/hard/libc_nano.a(lib_a-memset.o)
                0x000000000800ed20                memset
 .text._calloc_r